Component: ARM Compiler 5.06 update 7 (build 960) Tool: armlink [4d3601]

==============================================================================

Section Cross References

    startup_stm32f103xb.o(RESET) refers to startup_stm32f103xb.o(STACK) for __initial_sp
    startup_stm32f103xb.o(RESET) refers to startup_stm32f103xb.o(.text) for Reset_Handler
    startup_stm32f103xb.o(RESET) refers to stm32f1xx_it.o(i.NMI_Handler) for NMI_Handler
    startup_stm32f103xb.o(RESET) refers to stm32f1xx_it.o(i.HardFault_Handler) for HardFault_Handler
    startup_stm32f103xb.o(RESET) refers to stm32f1xx_it.o(i.MemManage_Handler) for MemManage_Handler
    startup_stm32f103xb.o(RESET) refers to stm32f1xx_it.o(i.BusFault_Handler) for BusFault_Handler
    startup_stm32f103xb.o(RESET) refers to stm32f1xx_it.o(i.UsageFault_Handler) for UsageFault_Handler
    startup_stm32f103xb.o(RESET) refers to stm32f1xx_it.o(i.SVC_Handler) for SVC_Handler
    startup_stm32f103xb.o(RESET) refers to stm32f1xx_it.o(i.DebugMon_Handler) for DebugMon_Handler
    startup_stm32f103xb.o(RESET) refers to stm32f1xx_it.o(i.PendSV_Handler) for PendSV_Handler
    startup_stm32f103xb.o(RESET) refers to stm32f1xx_it.o(i.SysTick_Handler) for SysTick_Handler
    startup_stm32f103xb.o(RESET) refers to stm32f1xx_it.o(i.SPI1_IRQHandler) for SPI1_IRQHandler
    startup_stm32f103xb.o(RESET) refers to stm32f1xx_it.o(i.SPI2_IRQHandler) for SPI2_IRQHandler
    startup_stm32f103xb.o(.text) refers to system_stm32f1xx.o(i.SystemInit) for SystemInit
    startup_stm32f103xb.o(.text) refers to entry.o(.ARM.Collect$$$$00000000) for __main
    main.o(i.HAL_SPI_RxCpltCallback) refers to main.o(i.Received) for Received
    main.o(i.HAL_SPI_RxCpltCallback) refers to main.o(i.Received1) for Received1
    main.o(i.HAL_SPI_RxCpltCallback) refers to stm32f1xx_hal_spi.o(i.HAL_SPI_Receive_IT) for HAL_SPI_Receive_IT
    main.o(i.HAL_SPI_RxCpltCallback) refers to main.o(.data) for .data
    main.o(i.HAL_SPI_RxCpltCallback) refers to main.o(.bss) for .bss
    main.o(i.HAL_TIM_PeriodElapsedCallback) refers to main.o(i.Read_dht11) for Read_dht11
    main.o(i.HAL_TIM_PeriodElapsedCallback) refers to main.o(i.load_data_SPI1) for load_data_SPI1
    main.o(i.HAL_TIM_PeriodElapsedCallback) refers to main.o(i.load_data_SPI2) for load_data_SPI2
    main.o(i.HAL_TIM_PeriodElapsedCallback) refers to main.o(.bss) for .bss
    main.o(i.HAL_TIM_PeriodElapsedCallback) refers to main.o(.data) for .data
    main.o(i.MX_GPIO_Init) refers to stm32f1xx_hal_gpio.o(i.HAL_GPIO_WritePin) for HAL_GPIO_WritePin
    main.o(i.MX_GPIO_Init) refers to stm32f1xx_hal_gpio.o(i.HAL_GPIO_Init) for HAL_GPIO_Init
    main.o(i.MX_SPI1_Init) refers to stm32f1xx_hal_spi_ex.o(i.HAL_SPI_Init) for HAL_SPI_Init
    main.o(i.MX_SPI1_Init) refers to main.o(.bss) for .bss
    main.o(i.MX_SPI2_Init) refers to stm32f1xx_hal_spi_ex.o(i.HAL_SPI_Init) for HAL_SPI_Init
    main.o(i.MX_SPI2_Init) refers to main.o(.bss) for .bss
    main.o(i.MX_TIM1_Init) refers to stm32f1xx_hal_tim.o(i.HAL_TIM_Base_Init) for HAL_TIM_Base_Init
    main.o(i.MX_TIM1_Init) refers to stm32f1xx_hal_tim.o(i.HAL_TIM_ConfigClockSource) for HAL_TIM_ConfigClockSource
    main.o(i.MX_TIM1_Init) refers to stm32f1xx_hal_tim_ex.o(i.HAL_TIMEx_MasterConfigSynchronization) for HAL_TIMEx_MasterConfigSynchronization
    main.o(i.MX_TIM1_Init) refers to main.o(.bss) for .bss
    main.o(i.Read_dht11) refers to dht.o(i.DHT_GetData) for DHT_GetData
    main.o(i.Read_dht11) refers to ffixui.o(.text) for __aeabi_f2uiz
    main.o(i.Read_dht11) refers to main.o(.data) for .data
    main.o(i.Received) refers to main.o(i.XulyJson) for XulyJson
    main.o(i.Received) refers to main.o(.data) for .data
    main.o(i.Received) refers to main.o(.bss) for .bss
    main.o(i.Received1) refers to main.o(i.XulyJson1) for XulyJson1
    main.o(i.Received1) refers to main.o(.data) for .data
    main.o(i.Received1) refers to main.o(.bss) for .bss
    main.o(i.SystemClock_Config) refers to memseta.o(.text) for __aeabi_memclr4
    main.o(i.SystemClock_Config) refers to stm32f1xx_hal_rcc.o(i.HAL_RCC_OscConfig) for HAL_RCC_OscConfig
    main.o(i.SystemClock_Config) refers to stm32f1xx_hal_rcc.o(i.HAL_RCC_ClockConfig) for HAL_RCC_ClockConfig
    main.o(i.XulyJson) refers to cjson.o(i.cJSON_Parse) for cJSON_Parse
    main.o(i.XulyJson) refers to cjson.o(i.cJSON_GetObjectItem) for cJSON_GetObjectItem
    main.o(i.XulyJson) refers to strstr.o(.text) for strstr
    main.o(i.XulyJson) refers to stm32f1xx_hal_gpio.o(i.HAL_GPIO_WritePin) for HAL_GPIO_WritePin
    main.o(i.XulyJson) refers to cjson.o(i.cJSON_Delete) for cJSON_Delete
    main.o(i.XulyJson) refers to main.o(.data) for .data
    main.o(i.XulyJson1) refers to cjson.o(i.cJSON_Parse) for cJSON_Parse
    main.o(i.XulyJson1) refers to cjson.o(i.cJSON_GetObjectItem) for cJSON_GetObjectItem
    main.o(i.XulyJson1) refers to strstr.o(.text) for strstr
    main.o(i.XulyJson1) refers to stm32f1xx_hal_gpio.o(i.HAL_GPIO_WritePin) for HAL_GPIO_WritePin
[...]
    Removing stm32f1xx_hal_tim_ex.o(i.HAL_TIMEx_OCN_Start), (36 bytes).
    Removing stm32f1xx_hal_tim_ex.o(i.HAL_TIMEx_OCN_Start_DMA), (184 bytes).
    Removing stm32f1xx_hal_tim_ex.o(i.HAL_TIMEx_OCN_Start_IT), (84 bytes).
    Removing stm32f1xx_hal_tim_ex.o(i.HAL_TIMEx_OCN_Stop), (68 bytes).
    Removing stm32f1xx_hal_tim_ex.o(i.HAL_TIMEx_OCN_Stop_DMA), (112 bytes).
    Removing stm32f1xx_hal_tim_ex.o(i.HAL_TIMEx_OCN_Stop_IT), (122 bytes).
    Removing stm32f1xx_hal_tim_ex.o(i.HAL_TIMEx_OnePulseN_Start), (26 bytes).
    Removing stm32f1xx_hal_tim_ex.o(i.HAL_TIMEx_OnePulseN_Start_IT), (46 bytes).
    Removing stm32f1xx_hal_tim_ex.o(i.HAL_TIMEx_OnePulseN_Stop), (68 bytes).
    Removing stm32f1xx_hal_tim_ex.o(i.HAL_TIMEx_OnePulseN_Stop_IT), (88 bytes).
    Removing stm32f1xx_hal_tim_ex.o(i.HAL_TIMEx_PWMN_Start), (36 bytes).
    Removing stm32f1xx_hal_tim_ex.o(i.HAL_TIMEx_PWMN_Start_DMA), (184 bytes).
    Removing stm32f1xx_hal_tim_ex.o(i.HAL_TIMEx_PWMN_Start_IT), (84 bytes).
    Removing stm32f1xx_hal_tim_ex.o(i.HAL_TIMEx_PWMN_Stop), (68 bytes).
    Removing stm32f1xx_hal_tim_ex.o(i.HAL_TIMEx_PWMN_Stop_DMA), (112 bytes).
    Removing stm32f1xx_hal_tim_ex.o(i.HAL_TIMEx_PWMN_Stop_IT), (122 bytes).
    Removing stm32f1xx_hal_tim_ex.o(i.TIMEx_DMACommutationCplt), (16 bytes).
    Removing stm32f1xx_hal_tim_ex.o(i.TIM_CCxNChannelCmd), (22 bytes).
    Removing stm32f1xx_hal.o(.rev16_text), (4 bytes).
    Removing stm32f1xx_hal.o(.revsh_text), (4 bytes).
    Removing stm32f1xx_hal.o(.rrx_text), (6 bytes).
    Removing stm32f1xx_hal.o(i.HAL_DBGMCU_DisableDBGSleepMode), (16 bytes).
    Removing stm32f1xx_hal.o(i.HAL_DBGMCU_DisableDBGStandbyMode), (16 bytes).
    Removing stm32f1xx_hal.o(i.HAL_DBGMCU_DisableDBGStopMode), (16 bytes).
    Removing stm32f1xx_hal.o(i.HAL_DBGMCU_EnableDBGSleepMode), (16 bytes).
    Removing stm32f1xx_hal.o(i.HAL_DBGMCU_EnableDBGStandbyMode), (16 bytes).
    Removing stm32f1xx_hal.o(i.HAL_DBGMCU_EnableDBGStopMode), (16 bytes).
    Removing stm32f1xx_hal.o(i.HAL_DeInit), (32 bytes).
    Removing stm32f1xx_hal.o(i.HAL_GetDEVID), (16 bytes).
    Removing stm32f1xx_hal.o(i.HAL_GetHalVersion), (8 bytes).
    Removing stm32f1xx_hal.o(i.HAL_GetREVID), (12 bytes).
    Removing stm32f1xx_hal.o(i.HAL_GetTickFreq), (12 bytes).
    Removing stm32f1xx_hal.o(i.HAL_GetTickPrio), (12 bytes).
    Removing stm32f1xx_hal.o(i.HAL_GetUID), (28 bytes).
    Removing stm32f1xx_hal.o(i.HAL_MspDeInit), (2 bytes).
    Removing stm32f1xx_hal.o(i.HAL_MspInit), (2 bytes).
    Removing stm32f1xx_hal.o(i.HAL_ResumeTick), (14 bytes).
    Removing stm32f1xx_hal.o(i.HAL_SetTickFreq), (28 bytes).
    Removing stm32f1xx_hal.o(i.HAL_SuspendTick), (14 bytes).
    Removing stm32f1xx_hal_rcc.o(.rev16_text), (4 bytes).
    Removing stm32f1xx_hal_rcc.o(.revsh_text), (4 bytes).
    Removing stm32f1xx_hal_rcc.o(.rrx_text), (6 bytes).
    Removing stm32f1xx_hal_rcc.o(i.HAL_RCC_CSSCallback), (2 bytes).
    Removing stm32f1xx_hal_rcc.o(i.HAL_RCC_DeInit), (216 bytes).
    Removing stm32f1xx_hal_rcc.o(i.HAL_RCC_DisableCSS), (12 bytes).
    Removing stm32f1xx_hal_rcc.o(i.HAL_RCC_EnableCSS), (12 bytes).
    Removing stm32f1xx_hal_rcc.o(i.HAL_RCC_GetClockConfig), (64 bytes).
    Removing stm32f1xx_hal_rcc.o(i.HAL_RCC_GetHCLKFreq), (12 bytes).
    Removing stm32f1xx_hal_rcc.o(i.HAL_RCC_GetOscConfig), (144 bytes).
    Removing stm32f1xx_hal_rcc.o(i.HAL_RCC_GetPCLK1Freq), (32 bytes).
    Removing stm32f1xx_hal_rcc.o(i.HAL_RCC_GetPCLK2Freq), (32 bytes).
    Removing stm32f1xx_hal_rcc.o(i.HAL_RCC_MCOConfig), (72 bytes).
    Removing stm32f1xx_hal_rcc.o(i.HAL_RCC_NMI_IRQHandler), (24 bytes).
    Removing stm32f1xx_hal_rcc_ex.o(.rev16_text), (4 bytes).
    Removing stm32f1xx_hal_rcc_ex.o(.revsh_text), (4 bytes).
    Removing stm32f1xx_hal_rcc_ex.o(.rrx_text), (6 bytes).
    Removing stm32f1xx_hal_rcc_ex.o(i.HAL_RCCEx_GetPeriphCLKConfig), (44 bytes).
    Removing stm32f1xx_hal_rcc_ex.o(i.HAL_RCCEx_GetPeriphCLKFreq), (200 bytes).
    Removing stm32f1xx_hal_rcc_ex.o(i.HAL_RCCEx_PeriphCLKConfig), (236 bytes).
    Removing stm32f1xx_hal_gpio.o(.rev16_text), (4 bytes).
    Removing stm32f1xx_hal_gpio.o(.revsh_text), (4 bytes).
    Removing stm32f1xx_hal_gpio.o(.rrx_text), (6 bytes).
    Removing stm32f1xx_hal_gpio.o(i.HAL_GPIO_DeInit), (228 bytes).
    Removing stm32f1xx_hal_gpio.o(i.HAL_GPIO_EXTI_Callback), (2 bytes).
    Removing stm32f1xx_hal_gpio.o(i.HAL_GPIO_EXTI_IRQHandler), (24 bytes).
    Removing stm32f1xx_hal_gpio.o(i.HAL_GPIO_LockPin), (34 bytes).
    Removing stm32f1xx_hal_gpio.o(i.HAL_GPIO_ReadPin), (10 bytes).
    Removing stm32f1xx_hal_dma.o(.rev16_text), (4 bytes).
    Removing stm32f1xx_hal_dma.o(.revsh_text), (4 bytes).
    Removing stm32f1xx_hal_dma.o(.rrx_text), (6 bytes).
    Removing stm32f1xx_hal_dma.o(i.DMA_SetConfig), (42 bytes).
    Removing stm32f1xx_hal_dma.o(i.HAL_DMA_Abort), (48 bytes).
    Removing stm32f1xx_hal_dma.o(i.HAL_DMA_DeInit), (92 bytes).
    Removing stm32f1xx_hal_dma.o(i.HAL_DMA_GetError), (4 bytes).
    Removing stm32f1xx_hal_dma.o(i.HAL_DMA_GetState), (6 bytes).
    Removing stm32f1xx_hal_dma.o(i.HAL_DMA_IRQHandler), (340 bytes).
    Removing stm32f1xx_hal_dma.o(i.HAL_DMA_Init), (92 bytes).
    Removing stm32f1xx_hal_dma.o(i.HAL_DMA_PollForTransfer), (532 bytes).
    Removing stm32f1xx_hal_dma.o(i.HAL_DMA_RegisterCallback), (74 bytes).
    Removing stm32f1xx_hal_dma.o(i.HAL_DMA_Start), (80 bytes).
    Removing stm32f1xx_hal_dma.o(i.HAL_DMA_Start_IT), (112 bytes).
    Removing stm32f1xx_hal_dma.o(i.HAL_DMA_UnRegisterCallback), (82 bytes).
    Removing stm32f1xx_hal_cortex.o(.rev16_text), (4 bytes).
    Removing stm32f1xx_hal_cortex.o(.revsh_text), (4 bytes).
    Removing stm32f1xx_hal_cortex.o(.rrx_text), (6 bytes).
    Removing stm32f1xx_hal_cortex.o(i.HAL_NVIC_ClearPendingIRQ), (22 bytes).
    Removing stm32f1xx_hal_cortex.o(i.HAL_NVIC_DisableIRQ), (22 bytes).
    Removing stm32f1xx_hal_cortex.o(i.HAL_NVIC_GetActive), (32 bytes).
    Removing stm32f1xx_hal_cortex.o(i.HAL_NVIC_GetPendingIRQ), (32 bytes).
    Removing stm32f1xx_hal_cortex.o(i.HAL_NVIC_GetPriority), (82 bytes).
    Removing stm32f1xx_hal_cortex.o(i.HAL_NVIC_GetPriorityGrouping), (16 bytes).
    Removing stm32f1xx_hal_cortex.o(i.HAL_NVIC_SetPendingIRQ), (22 bytes).
    Removing stm32f1xx_hal_cortex.o(i.HAL_NVIC_SystemReset), (36 bytes).
    Removing stm32f1xx_hal_cortex.o(i.HAL_SYSTICK_CLKSourceConfig), (24 bytes).
    Removing stm32f1xx_hal_cortex.o(i.HAL_SYSTICK_Callback), (2 bytes).
    Removing stm32f1xx_hal_cortex.o(i.HAL_SYSTICK_IRQHandler), (8 bytes).
    Removing stm32f1xx_hal_pwr.o(.rev16_text), (4 bytes).
    Removing stm32f1xx_hal_pwr.o(.revsh_text), (4 bytes).
    Removing stm32f1xx_hal_pwr.o(.rrx_text), (6 bytes).
    Removing stm32f1xx_hal_pwr.o(i.HAL_PWR_ConfigPVD), (124 bytes).
    Removing stm32f1xx_hal_pwr.o(i.HAL_PWR_DeInit), (24 bytes).
    Removing stm32f1xx_hal_pwr.o(i.HAL_PWR_DisableBkUpAccess), (12 bytes).
    Removing stm32f1xx_hal_pwr.o(i.HAL_PWR_DisablePVD), (12 bytes).
    Removing stm32f1xx_hal_pwr.o(i.HAL_PWR_DisableSEVOnPend), (16 bytes).
    Removing stm32f1xx_hal_pwr.o(i.HAL_PWR_DisableSleepOnExit), (16 bytes).
    Removing stm32f1xx_hal_pwr.o(i.HAL_PWR_DisableWakeUpPin), (28 bytes).
    Removing stm32f1xx_hal_pwr.o(i.HAL_PWR_EnableBkUpAccess), (12 bytes).
    Removing stm32f1xx_hal_pwr.o(i.HAL_PWR_EnablePVD), (12 bytes).
    Removing stm32f1xx_hal_pwr.o(i.HAL_PWR_EnableSEVOnPend), (16 bytes).
    Removing stm32f1xx_hal_pwr.o(i.HAL_PWR_EnableSleepOnExit), (16 bytes).
    Removing stm32f1xx_hal_pwr.o(i.HAL_PWR_EnableWakeUpPin), (28 bytes).
    Removing stm32f1xx_hal_pwr.o(i.HAL_PWR_EnterSLEEPMode), (32 bytes).
    Removing stm32f1xx_hal_pwr.o(i.HAL_PWR_EnterSTANDBYMode), (32 bytes).
    Removing stm32f1xx_hal_pwr.o(i.HAL_PWR_EnterSTOPMode), (68 bytes).
    Removing stm32f1xx_hal_pwr.o(i.HAL_PWR_PVDCallback), (2 bytes).
    Removing stm32f1xx_hal_pwr.o(i.HAL_PWR_PVD_IRQHandler), (28 bytes).
    Removing stm32f1xx_hal_pwr.o(i.PWR_OverloadWfe), (6 bytes).
    Removing stm32f1xx_hal_flash.o(.rev16_text), (4 bytes).
    Removing stm32f1xx_hal_flash.o(.revsh_text), (4 bytes).
    Removing stm32f1xx_hal_flash.o(.rrx_text), (6 bytes).
    Removing stm32f1xx_hal_flash.o(i.FLASH_Program_HalfWord), (28 bytes).
    Removing stm32f1xx_hal_flash.o(i.FLASH_SetErrorCode), (92 bytes).
    Removing stm32f1xx_hal_flash.o(i.FLASH_WaitForLastOperation), (84 bytes).
    Removing stm32f1xx_hal_flash.o(i.HAL_FLASH_EndOfOperationCallback), (2 bytes).
    Removing stm32f1xx_hal_flash.o(i.HAL_FLASH_GetError), (12 bytes).
    Removing stm32f1xx_hal_flash.o(i.HAL_FLASH_IRQHandler), (264 bytes).
    Removing stm32f1xx_hal_flash.o(i.HAL_FLASH_Lock), (20 bytes).
    Removing stm32f1xx_hal_flash.o(i.HAL_FLASH_OB_Launch), (4 bytes).
    Removing stm32f1xx_hal_flash.o(i.HAL_FLASH_OB_Lock), (20 bytes).
    Removing stm32f1xx_hal_flash.o(i.HAL_FLASH_OB_Unlock), (36 bytes).
    Removing stm32f1xx_hal_flash.o(i.HAL_FLASH_OperationErrorCallback), (2 bytes).
    Removing stm32f1xx_hal_flash.o(i.HAL_FLASH_Program), (128 bytes).
    Removing stm32f1xx_hal_flash.o(i.HAL_FLASH_Program_IT), (100 bytes).
    Removing stm32f1xx_hal_flash.o(i.HAL_FLASH_Unlock), (40 bytes).
    Removing stm32f1xx_hal_flash.o(.bss), (32 bytes).
    Removing stm32f1xx_hal_flash_ex.o(.rev16_text), (4 bytes).
    Removing stm32f1xx_hal_flash_ex.o(.revsh_text), (4 bytes).
    Removing stm32f1xx_hal_flash_ex.o(.rrx_text), (6 bytes).
    Removing stm32f1xx_hal_flash_ex.o(i.FLASH_MassErase), (36 bytes).
    Removing stm32f1xx_hal_flash_ex.o(i.FLASH_OB_DisableWRP), (176 bytes).
    Removing stm32f1xx_hal_flash_ex.o(i.FLASH_OB_EnableWRP), (176 bytes).
    Removing stm32f1xx_hal_flash_ex.o(i.FLASH_OB_GetRDP), (24 bytes).
    Removing stm32f1xx_hal_flash_ex.o(i.FLASH_OB_RDP_LevelConfig), (100 bytes).
    Removing stm32f1xx_hal_flash_ex.o(i.FLASH_PageErase), (36 bytes).
    Removing stm32f1xx_hal_flash_ex.o(i.HAL_FLASHEx_Erase), (168 bytes).
    Removing stm32f1xx_hal_flash_ex.o(i.HAL_FLASHEx_Erase_IT), (84 bytes).
    Removing stm32f1xx_hal_flash_ex.o(i.HAL_FLASHEx_OBErase), (84 bytes).
    Removing stm32f1xx_hal_flash_ex.o(i.HAL_FLASHEx_OBGetConfig), (36 bytes).
    Removing stm32f1xx_hal_flash_ex.o(i.HAL_FLASHEx_OBGetUserData), (32 bytes).
    Removing stm32f1xx_hal_flash_ex.o(i.HAL_FLASHEx_OBProgram), (200 bytes).
    Removing system_stm32f1xx.o(.rev16_text), (4 bytes).
    Removing system_stm32f1xx.o(.revsh_text), (4 bytes).
    Removing system_stm32f1xx.o(.rrx_text), (6 bytes).
    Removing system_stm32f1xx.o(i.SystemCoreClockUpdate), (104 bytes).
    Removing system_stm32f1xx.o(.constdata), (8 bytes).
    Removing cjson.o(i.add_item_to_array), (42 bytes).
    Removing cjson.o(i.add_item_to_object), (90 bytes).
    Removing cjson.o(i.cJSON_AddArrayToObject), (48 bytes).
    Removing cjson.o(i.cJSON_AddBoolToObject), (48 bytes).
    Removing cjson.o(i.cJSON_AddFalseToObject), (48 bytes).
    Removing cjson.o(i.cJSON_AddItemReferenceToArray), (36 bytes).
    Removing cjson.o(i.cJSON_AddItemReferenceToObject), (44 bytes).
    Removing cjson.o(i.cJSON_AddItemToArray), (4 bytes).
    Removing cjson.o(i.cJSON_AddItemToObject), (20 bytes).
    Removing cjson.o(i.cJSON_AddItemToObjectCS), (20 bytes).
    Removing cjson.o(i.cJSON_AddNullToObject), (48 bytes).
    Removing cjson.o(i.cJSON_AddNumberToObject), (52 bytes).
    Removing cjson.o(i.cJSON_AddObjectToObject), (48 bytes).
    Removing cjson.o(i.cJSON_AddRawToObject), (48 bytes).
    Removing cjson.o(i.cJSON_AddStringToObject), (48 bytes).
    Removing cjson.o(i.cJSON_AddTrueToObject), (48 bytes).
    Removing cjson.o(i.cJSON_Compare), (270 bytes).
    Removing cjson.o(i.cJSON_CreateArray), (24 bytes).
    Removing cjson.o(i.cJSON_CreateArrayReference), (28 bytes).
    Removing cjson.o(i.cJSON_CreateBool), (32 bytes).
    Removing cjson.o(i.cJSON_CreateDoubleArray), (98 bytes).
    Removing cjson.o(i.cJSON_CreateFalse), (24 bytes).
    Removing cjson.o(i.cJSON_CreateFloatArray), (98 bytes).
    Removing cjson.o(i.cJSON_CreateIntArray), (98 bytes).
    Removing cjson.o(i.cJSON_CreateNull), (24 bytes).
    Removing cjson.o(i.cJSON_CreateNumber), (96 bytes).
    Removing cjson.o(i.cJSON_CreateObject), (24 bytes).
    Removing cjson.o(i.cJSON_CreateObjectReference), (28 bytes).
    Removing cjson.o(i.cJSON_CreateRaw), (48 bytes).
    Removing cjson.o(i.cJSON_CreateString), (48 bytes).
    Removing cjson.o(i.cJSON_CreateStringArray), (94 bytes).
    Removing cjson.o(i.cJSON_CreateStringReference), (28 bytes).
    Removing cjson.o(i.cJSON_CreateTrue), (24 bytes).
    Removing cjson.o(i.cJSON_DeleteItemFromArray), (14 bytes).
    Removing cjson.o(i.cJSON_DeleteItemFromObject), (14 bytes).
    Removing cjson.o(i.cJSON_DeleteItemFromObjectCaseSensitive), (14 bytes).
    Removing cjson.o(i.cJSON_DetachItemFromArray), (28 bytes).
    Removing cjson.o(i.cJSON_DetachItemFromObject), (20 bytes).
    Removing cjson.o(i.cJSON_DetachItemFromObjectCaseSensitive), (20 bytes).
    Removing cjson.o(i.cJSON_DetachItemViaPointer), (58 bytes).
    Removing cjson.o(i.cJSON_Duplicate), (152 bytes).
    Removing cjson.o(i.cJSON_GetArrayItem), (12 bytes).
    Removing cjson.o(i.cJSON_GetArraySize), (26 bytes).
    Removing cjson.o(i.cJSON_GetErrorPtr), (16 bytes).
    Removing cjson.o(i.cJSON_GetNumberValue), (28 bytes).
    Removing cjson.o(i.cJSON_GetObjectItemCaseSensitive), (6 bytes).
    Removing cjson.o(i.cJSON_GetStringValue), (16 bytes).
    Removing cjson.o(i.cJSON_HasObjectItem), (14 bytes).
    Removing cjson.o(i.cJSON_InitHooks), (72 bytes).
    Removing cjson.o(i.cJSON_InsertItemInArray), (58 bytes).
    Removing cjson.o(i.cJSON_IsArray), (18 bytes).
    Removing cjson.o(i.cJSON_IsBool), (14 bytes).
    Removing cjson.o(i.cJSON_IsFalse), (14 bytes).
    Removing cjson.o(i.cJSON_IsInvalid), (20 bytes).
    Removing cjson.o(i.cJSON_IsNull), (18 bytes).
    Removing cjson.o(i.cJSON_IsNumber), (18 bytes).
    Removing cjson.o(i.cJSON_IsObject), (18 bytes).
    Removing cjson.o(i.cJSON_IsRaw), (18 bytes).
    Removing cjson.o(i.cJSON_IsString), (18 bytes).
    Removing cjson.o(i.cJSON_IsTrue), (18 bytes).
    Removing cjson.o(i.cJSON_Minify), (150 bytes).
    Removing cjson.o(i.cJSON_ParseWithLength), (8 bytes).
    Removing cjson.o(i.cJSON_Print), (12 bytes).
    Removing cjson.o(i.cJSON_PrintBuffered), (88 bytes).
    Removing cjson.o(i.cJSON_PrintPreallocated), (72 bytes).
    Removing cjson.o(i.cJSON_PrintUnformatted), (12 bytes).
    Removing cjson.o(i.cJSON_ReplaceItemInArray), (32 bytes).
    Removing cjson.o(i.cJSON_ReplaceItemInObject), (6 bytes).
    Removing cjson.o(i.cJSON_ReplaceItemInObjectCaseSensitive), (6 bytes).
    Removing cjson.o(i.cJSON_ReplaceItemViaPointer), (78 bytes).
    Removing cjson.o(i.cJSON_SetNumberHelper), (80 bytes).
    Removing cjson.o(i.cJSON_SetValuestring), (80 bytes).
    Removing cjson.o(i.cJSON_Version), (40 bytes).
    Removing cjson.o(i.cJSON_free), (12 bytes).
    Removing cjson.o(i.cJSON_malloc), (12 bytes).
    Removing cjson.o(i.cJSON_strdup), (40 bytes).
    Removing cjson.o(i.compare_double), (88 bytes).
    Removing cjson.o(i.create_reference), (48 bytes).
    Removing cjson.o(i.ensure), (138 bytes).
    Removing cjson.o(i.get_array_item), (22 bytes).
    Removing cjson.o(i.minify_string), (92 bytes).
    Removing cjson.o(i.print), (152 bytes).
    Removing cjson.o(i.print_array), (150 bytes).
    Removing cjson.o(i.print_number), (240 bytes).
    Removing cjson.o(i.print_object), (320 bytes).
    Removing cjson.o(i.print_string_ptr), (272 bytes).
    Removing cjson.o(i.print_value), (208 bytes).
    Removing cjson.o(i.replace_item_in_object), (84 bytes).
    Removing cjson.o(i.update_offset), (28 bytes).
    Removing cjson.o(.bss), (15 bytes).
    Removing dht.o(.rev16_text), (4 bytes).
    Removing dht.o(.revsh_text), (4 bytes).
    Removing dht.o(.rrx_text), (6 bytes).
    Removing dht.o(i.DHT_Check_Response), (64 bytes).
    Removing dht.o(i.DHT_GetData), (88 bytes).
    Removing dht.o(i.DHT_Read), (92 bytes).
    Removing dht.o(i.DHT_Start), (68 bytes).
    Removing dht.o(i.DWT_Delay_Init), (68 bytes).
    Removing dht.o(i.Set_Pin_Input), (20 bytes).
    Removing dht.o(i.Set_Pin_Output), (24 bytes).
    Removing dht.o(i.delay), (44 bytes).
    Removing dht.o(.data), (8 bytes).
    Removing dadd.o(.text), (334 bytes).
    Removing dscalb.o(.text), (46 bytes).
    Removing ffltui.o(.text), (10 bytes).
    Removing dflti.o(.text), (34 bytes).
    Removing ffixui.o(.text), (40 bytes).
    Removing f2d.o(.text), (38 bytes).
    Removing dfixul.o(.text), (48 bytes).

452 unused section(s) (total 26274 bytes) removed from the image.

==============================================================================

Image Symbol Table

    Local Symbols

    Symbol Name                              Value     Ov Type        Size  Object(Section)

    ../Drivers/STM32F1xx_HAL_Driver/Src/stm32f1xx_hal.c 0x00000000   Number         0  stm32f1xx_hal.o ABSOLUTE
    ../Drivers/STM32F1xx_HAL_Driver/Src/stm32f1xx_hal_cortex.c 0x00000000   Number         0  stm32f1xx_hal_cortex.o ABSOLUTE
    ../Drivers/STM32F1xx_HAL_Driver/Src/stm32f1xx_hal_dma.c 0x00000000   Number         0  stm32f1xx_hal_dma.o ABSOLUTE
    ../Drivers/STM32F1xx_HAL_Driver/Src/stm32f1xx_hal_flash.c 0x00000000   Number         0  stm32f1xx_hal_flash.o ABSOLUTE
    ../Drivers/STM32F1xx_HAL_Driver/Src/stm32f1xx_hal_flash_ex.c 0x00000000   Number         0  stm32f1xx_hal_flash_ex.o ABSOLUTE
    ../Drivers/STM32F1xx_HAL_Driver/Src/stm32f1xx_hal_gpio.c 0x00000000   Number         0  stm32f1xx_hal_gpio.o ABSOLUTE
    ../Drivers/STM32F1xx_HAL_Driver/Src/stm32f1xx_hal_gpio_ex.c 0x00000000   Number         0  stm32f1xx_hal_gpio_ex.o ABSOLUTE
    ../Drivers/STM32F1xx_HAL_Driver/Src/stm32f1xx_hal_pwr.c 0x00000000   Number         0  stm32f1xx_hal_pwr.o ABSOLUTE
    ../Drivers/STM32F1xx_HAL_Driver/Src/stm32f1xx_hal_rcc.c 0x00000000   Number         0  stm32f1xx_hal_rcc.o ABSOLUTE
    ../Drivers/STM32F1xx_HAL_Driver/Src/stm32f1xx_hal_rcc_ex.c 0x00000000   Number         0  stm32f1xx_hal_rcc_ex.o ABSOLUTE
    ../Drivers/STM32F1xx_HAL_Driver/Src/stm32f1xx_hal_spi.c 0x00000000   Number         0  stm32f1xx_hal_spi.o ABSOLUTE
    ../Drivers/STM32F1xx_HAL_Driver/Src/stm32f1xx_hal_spi_ex.c 0x00000000   Number         0  stm32f1xx_hal_spi_ex.o ABSOLUTE
    ../Drivers/STM32F1xx_HAL_Driver/Src/stm32f1xx_hal_tim.c 0x00000000   Number         0  stm32f1xx_hal_tim.o ABSOLUTE
    ../Drivers/STM32F1xx_HAL_Driver/Src/stm32f1xx_hal_tim_ex.c 0x00000000   Number         0  stm32f1xx_hal_tim_ex.o ABSOLUTE
    ../Src/main.c                            0x00000000   Number         0  main.o ABSOLUTE
    ../Src/stm32f1xx_hal_msp.c               0x00000000   Number         0  stm32f1xx_hal_msp.o ABSOLUTE
    ../Src/stm32f1xx_it.c                    0x00000000   Number         0  stm32f1xx_it.o ABSOLUTE
    ../Src/system_stm32f1xx.c                0x00000000   Number         0  system_stm32f1xx.o ABSOLUTE
    ../clib/microlib/ctype/ctype.c           0x00000000   Number         0  ctype_c.o ABSOLUTE
    ../clib/microlib/ctype/ctype.c           0x00000000   Number         0  isspace_c.o ABSOLUTE
    ../clib/microlib/ctype/tolower.c         0x00000000   Number         0  tolower.o ABSOLUTE
    ../clib/microlib/division.c              0x00000000   Number         0  uldiv.o ABSOLUTE
    ../clib/microlib/division.c              0x00000000   Number         0  uidiv.o ABSOLUTE
    ../clib/microlib/init/entry.s            0x00000000   Number         0  entry.o ABSOLUTE
    ../clib/microlib/init/entry.s            0x00000000   Number         0  entry7a.o ABSOLUTE
    ../clib/microlib/init/entry.s            0x00000000   Number         0  entry12b.o ABSOLUTE
    ../clib/microlib/init/entry.s            0x00000000   Number         0  entry9b.o ABSOLUTE
    ../clib/microlib/init/entry.s            0x00000000   Number         0  entry9a.o ABSOLUTE
    ../clib/microlib/init/entry.s            0x00000000   Number         0  entry10b.o ABSOLUTE
    ../clib/microlib/init/entry.s            0x00000000   Number         0  entry11b.o ABSOLUTE
    ../clib/microlib/init/entry.s            0x00000000   Number         0  entry5.o ABSOLUTE
    ../clib/microlib/init/entry.s            0x00000000   Number         0  entry10a.o ABSOLUTE
    ../clib/microlib/init/entry.s            0x00000000   Number         0  entry2.o ABSOLUTE
    ../clib/microlib/init/entry.s            0x00000000   Number         0  entry8b.o ABSOLUTE
    ../clib/microlib/init/entry.s            0x00000000   Number         0  entry8a.o ABSOLUTE
    ../clib/microlib/init/entry.s            0x00000000   Number         0  entry11a.o ABSOLUTE
    ../clib/microlib/init/entry.s            0x00000000   Number         0  entry7b.o ABSOLUTE
    ../clib/microlib/init/entry.s            0x00000000   Number         0  entry12a.o ABSOLUTE
    ../clib/microlib/longlong.c              0x00000000   Number         0  llsshr.o ABSOLUTE
    ../clib/microlib/longlong.c              0x00000000   Number         0  llshl.o ABSOLUTE
    ../clib/microlib/longlong.c              0x00000000   Number         0  llushr.o ABSOLUTE
    ../clib/microlib/malloc/malloc.c         0x00000000   Number         0  malloca.o ABSOLUTE
    ../clib/microlib/malloc/malloc.c         0x00000000   Number         0  mallocr.o ABSOLUTE
    ../clib/microlib/malloc/malloc.c         0x00000000   Number         0  malloc.o ABSOLUTE
    ../clib/microlib/malloc/malloc.c         0x00000000   Number         0  mallocra.o ABSOLUTE
    ../clib/microlib/malloc/mvars.c          0x00000000   Number         0  mvars.o ABSOLUTE
    ../clib/microlib/printf/printf.c         0x00000000   Number         0  printf0.o ABSOLUTE
    ../clib/microlib/printf/printf.c         0x00000000   Number         0  printf1.o ABSOLUTE
    ../clib/microlib/printf/printf.c         0x00000000   Number         0  printf3.o ABSOLUTE
    ../clib/microlib/printf/printf.c         0x00000000   Number         0  printf4.o ABSOLUTE
    ../clib/microlib/printf/printf.c         0x00000000   Number         0  printf5.o ABSOLUTE
    ../clib/microlib/printf/printf.c         0x00000000   Number         0  printf6.o ABSOLUTE
    ../clib/microlib/printf/printf.c         0x00000000   Number         0  printf7.o ABSOLUTE
    ../clib/microlib/printf/printf.c         0x00000000   Number         0  printf2.o ABSOLUTE
    ../clib/microlib/printf/printf.c         0x00000000   Number         0  printfa.o ABSOLUTE
    ../clib/microlib/printf/printf.c         0x00000000   Number         0  printf8.o ABSOLUTE
    ../clib/microlib/printf/printf.c         0x00000000   Number         0  printfb.o ABSOLUTE
    ../clib/microlib/printf/stubs.s          0x00000000   Number         0  stubs.o ABSOLUTE
    ../clib/microlib/stdio/fputc.c           0x00000000   Number         0  fputc.o ABSOLUTE
    ../clib/microlib/stdio/semi.s            0x00000000   Number         0  semi.o ABSOLUTE
    ../clib/microlib/stdio/streams.c         0x00000000   Number         0  stdout.o ABSOLUTE
    ../clib/microlib/string/memcpy.c         0x00000000   Number         0  memcpyb.o ABSOLUTE
    ../clib/microlib/string/memcpy.c         0x00000000   Number         0  memcpya.o ABSOLUTE
    ../clib/microlib/string/memset.c         0x00000000   Number         0  memseta.o ABSOLUTE
    ../clib/microlib/string/strcat.c         0x00000000   Number         0  strcat.o ABSOLUTE
    ../clib/microlib/string/strcmp.c         0x00000000   Number         0  strcmp.o ABSOLUTE
    ../clib/microlib/string/strcpy.c         0x00000000   Number         0  strcpy.o ABSOLUTE
    ../clib/microlib/string/strlen.c         0x00000000   Number         0  strlen.o ABSOLUTE
    ../clib/microlib/string/strncmp.c        0x00000000   Number         0  strncmp.o ABSOLUTE
    ../clib/microlib/string/strstr.c         0x00000000   Number         0  strstr.o ABSOLUTE
    ../clib/microlib/stubs.s                 0x00000000   Number         0  iusesemip.o ABSOLUTE
    ../clib/microlib/stubs.s                 0x00000000   Number         0  iusefp.o ABSOLUTE
    ../clib/scanf.c                          0x00000000   Number         0  _scanf.o ABSOLUTE
    ../clib/scanf.c                          0x00000000   Number         0  scanf_char.o ABSOLUTE
    ../clib/scanf.c                          0x00000000   Number         0  _sgetc.o ABSOLUTE
    ../clib/scanf.c                          0x00000000   Number         0  scanf_fp.o ABSOLUTE
    ../clib/scanf.c                          0x00000000   Number         0  strtod.o ABSOLUTE
    ../clib/scanf.c                          0x00000000   Number         0  __0sscanf.o ABSOLUTE
    ../fplib/microlib/d2f.c                  0x00000000   Number         0  d2f.o ABSOLUTE
    ../fplib/microlib/f2d.c                  0x00000000   Number         0  f2d.o ABSOLUTE
    ../fplib/microlib/fpadd.c                0x00000000   Number         0  dadd.o ABSOLUTE
    ../fplib/microlib/fpdiv.c                0x00000000   Number         0  ddiv.o ABSOLUTE
    ../fplib/microlib/fpepilogue.c           0x00000000   Number         0  fepilogue.o ABSOLUTE
    ../fplib/microlib/fpepilogue.c           0x00000000   Number         0  depilogue.o ABSOLUTE
    ../fplib/microlib/fpfix.c                0x00000000   Number         0  dfixul.o ABSOLUTE
    ../fplib/microlib/fpfix.c                0x00000000   Number         0  dfixi.o ABSOLUTE
    ../fplib/microlib/fpfix.c                0x00000000   Number         0  ffixui.o ABSOLUTE
    ../fplib/microlib/fpflt.c                0x00000000   Number         0  dfltul.o ABSOLUTE
    ../fplib/microlib/fpflt.c                0x00000000   Number         0  ffltui.o ABSOLUTE
    ../fplib/microlib/fpflt.c                0x00000000   Number         0  dflti.o ABSOLUTE
    ../fplib/microlib/fpmul.c                0x00000000   Number         0  dmul.o ABSOLUTE
    ../fplib/microlib/fpscalb.c              0x00000000   Number         0  dscalb.o ABSOLUTE
    ../mathlib/strtod.c                      0x00000000   Number         0  strtod.o ABSOLUTE
    ..\Drivers\STM32F1xx_HAL_Driver\Src\stm32f1xx_hal.c 0x00000000   Number         0  stm32f1xx_hal.o ABSOLUTE
    ..\Drivers\STM32F1xx_HAL_Driver\Src\stm32f1xx_hal_cortex.c 0x00000000   Number         0  stm32f1xx_hal_cortex.o ABSOLUTE
    ..\Drivers\STM32F1xx_HAL_Driver\Src\stm32f1xx_hal_dma.c 0x00000000   Number         0  stm32f1xx_hal_dma.o ABSOLUTE
    ..\Drivers\STM32F1xx_HAL_Driver\Src\stm32f1xx_hal_flash.c 0x00000000   Number         0  stm32f1xx_hal_flash.o ABSOLUTE
    ..\Drivers\STM32F1xx_HAL_Driver\Src\stm32f1xx_hal_flash_ex.c 0x00000000   Number         0  stm32f1xx_hal_flash_ex.o ABSOLUTE
    ..\Drivers\STM32F1xx_HAL_Driver\Src\stm32f1xx_hal_gpio.c 0x00000000   Number         0  stm32f1xx_hal_gpio.o ABSOLUTE
    ..\Drivers\STM32F1xx_HAL_Driver\Src\stm32f1xx_hal_gpio_ex.c 0x00000000   Number         0  stm32f1xx_hal_gpio_ex.o ABSOLUTE
    ..\Drivers\STM32F1xx_HAL_Driver\Src\stm32f1xx_hal_pwr.c 0x00000000   Number         0  stm32f1xx_hal_pwr.o ABSOLUTE
    ..\Drivers\STM32F1xx_HAL_Driver\Src\stm32f1xx_hal_rcc.c 0x00000000   Number         0  stm32f1xx_hal_rcc.o ABSOLUTE
    ..\Drivers\STM32F1xx_HAL_Driver\Src\stm32f1xx_hal_rcc_ex.c 0x00000000   Number         0  stm32f1xx_hal_rcc_ex.o ABSOLUTE
    ..\Drivers\STM32F1xx_HAL_Driver\Src\stm32f1xx_hal_spi.c 0x00000000   Number         0  stm32f1xx_hal_spi.o ABSOLUTE
    ..\Drivers\STM32F1xx_HAL_Driver\Src\stm32f1xx_hal_spi_ex.c 0x00000000   Number         0  stm32f1xx_hal_spi_ex.o ABSOLUTE
    ..\Drivers\STM32F1xx_HAL_Driver\Src\stm32f1xx_hal_tim.c 0x00000000   Number         0  stm32f1xx_hal_tim.o ABSOLUTE
    ..\Drivers\STM32F1xx_HAL_Driver\Src\stm32f1xx_hal_tim_ex.c 0x00000000   Number         0  stm32f1xx_hal_tim_ex.o ABSOLUTE
    ..\LIBDHT11\DHT.c                        0x00000000   Number         0  dht.o ABSOLUTE
    ..\Src\main.c                            0x00000000   Number         0  main.o ABSOLUTE
    ..\Src\stm32f1xx_hal_msp.c               0x00000000   Number         0  stm32f1xx_hal_msp.o ABSOLUTE
    ..\Src\stm32f1xx_it.c                    0x00000000   Number         0  stm32f1xx_it.o ABSOLUTE
    ..\Src\system_stm32f1xx.c                0x00000000   Number         0  system_stm32f1xx.o ABSOLUTE
    ..\\LIBDHT11\\DHT.c                      0x00000000   Number         0  dht.o ABSOLUTE
    ..\cJSON\cJSON.c                         0x00000000   Number         0  cjson.o ABSOLUTE
    cdcmple.s                                0x00000000   Number         0  cdcmple.o ABSOLUTE
    cdrcmple.s                               0x00000000   Number         0  cdrcmple.o ABSOLUTE
    dc.s                                     0x00000000   Number         0  dc.o ABSOLUTE
    handlers.s                               0x00000000   Number         0  handlers.o ABSOLUTE
    init.s                                   0x00000000   Number         0  init.o ABSOLUTE
    startup_stm32f103xb.s                    0x00000000   Number         0  startup_stm32f103xb.o ABSOLUTE
    RESET                                    0x08000000   Section      236  startup_stm32f103xb.o(RESET)
    .ARM.Collect$$$$00000000                 0x080000ec   Section        0  entry.o(.ARM.Collect$$$$00000000)
    .ARM.Collect$$$$00000001                 0x080000ec   Section        4  entry2.o(.ARM.Collect$$$$00000001)
    .ARM.Collect$$$$00000004                 0x080000f0   Section        4  entry5.o(.ARM.Collect$$$$00000004)
    .ARM.Collect$$$$00000008                 0x080000f4   Section        0  entry7b.o(.ARM.Collect$$$$00000008)
    .ARM.Collect$$$$0000000A                 0x080000f4   Section        0  entry8b.o(.ARM.Collect$$$$0000000A)
    .ARM.Collect$$$$0000000B                 0x080000f4   Section        8  entry9a.o(.ARM.Collect$$$$0000000B)
    .ARM.Collect$$$$0000000E                 0x080000fc   Section        4  entry12b.o(.ARM.Collect$$$$0000000E)
    .ARM.Collect$$$$0000000F                 0x08000100   Section        0  entry10a.o(.ARM.Collect$$$$0000000F)
    .ARM.Collect$$$$00000011                 0x08000100   Section        0  entry11a.o(.ARM.Collect$$$$00000011)
    .ARM.Collect$$$$00002712                 0x08000100   Section        4  entry2.o(.ARM.Collect$$$$00002712)
    __lit__00000000                          0x08000100   Data           4  entry2.o(.ARM.Collect$$$$00002712)
    .text                                    0x08000104   Section       36  startup_stm32f103xb.o(.text)
    .text                                    0x08000128   Section        0  llushr.o(.text)
    .text                                    0x08000148   Section        0  tolower.o(.text)
    .text                                    0x08000154   Section        0  memcpya.o(.text)
    .text                                    0x08000178   Section        0  memseta.o(.text)
    .text                                    0x0800019c   Section        0  strstr.o(.text)
    .text                                    0x080001c0   Section        0  strlen.o(.text)
    .text                                    0x080001ce   Section        0  strcmp.o(.text)
    .text                                    0x080001ea   Section        0  strncmp.o(.text)
    .text                                    0x08000208   Section        0  scanf_fp.o(.text)
    _fp_value                                0x08000209   Thumb Code   296  scanf_fp.o(.text)
    .text                                    0x08000568   Section        0  dfixi.o(.text)
    .text                                    0x080005a8   Section       48  cdcmple.o(.text)
    .text                                    0x080005d8   Section       48  cdrcmple.o(.text)
    .text                                    0x08000608   Section        0  llshl.o(.text)
    .text                                    0x08000626   Section        0  _sgetc.o(.text)
    .text                                    0x08000668   Section        0  strtod.o(.text)
    _local_sscanf                            0x08000669   Thumb Code    54  strtod.o(.text)
    .text                                    0x08000704   Section        0  fepilogue.o(.text)
    .text                                    0x08000704   Section        0  iusefp.o(.text)
    .text                                    0x08000772   Section        0  depilogue.o(.text)
    .text                                    0x0800082c   Section        0  dmul.o(.text)
    .text                                    0x08000910   Section        0  ddiv.o(.text)
    .text                                    0x080009ee   Section        0  dfltul.o(.text)
    .text                                    0x08000a06   Section        0  d2f.o(.text)
    .text                                    0x08000a40   Section       36  init.o(.text)
    .text                                    0x08000a64   Section        0  isspace_c.o(.text)
    .text                                    0x08000a70   Section        0  ctype_c.o(.text)
    i.BusFault_Handler                       0x08000a98   Section        0  stm32f1xx_it.o(i.BusFault_Handler)
    i.DebugMon_Handler                       0x08000a9a   Section        0  stm32f1xx_it.o(i.DebugMon_Handler)
    i.HAL_DMA_Abort_IT                       0x08000a9c   Section        0  stm32f1xx_hal_dma.o(i.HAL_DMA_Abort_IT)
    i.HAL_Delay                              0x08000b34   Section        0  stm32f1xx_hal.o(i.HAL_Delay)
    i.HAL_GPIO_Init                          0x08000b58   Section        0  stm32f1xx_hal_gpio.o(i.HAL_GPIO_Init)
    i.HAL_GPIO_TogglePin                     0x08000d14   Section        0  stm32f1xx_hal_gpio.o(i.HAL_GPIO_TogglePin)
    i.HAL_GPIO_WritePin                      0x08000d1c   Section        0  stm32f1xx_hal_gpio.o(i.HAL_GPIO_WritePin)
    i.HAL_GetTick                            0x08000d28   Section        0  stm32f1xx_hal.o(i.HAL_GetTick)
    i.HAL_IncTick                            0x08000d34   Section        0  stm32f1xx_hal.o(i.HAL_IncTick)
    i.HAL_Init                               0x08000d44   Section        0  stm32f1xx_hal.o(i.HAL_Init)
    i.HAL_InitTick                           0x08000d68   Section        0  stm32f1xx_hal.o(i.HAL_InitTick)
    i.HAL_MspInit                            0x08000da8   Section        0  stm32f1xx_hal_msp.o(i.HAL_MspInit)
    i.HAL_NVIC_EnableIRQ                     0x08000de4   Section        0  stm32f1xx_hal_cortex.o(i.HAL_NVIC_EnableIRQ)
    i.HAL_NVIC_SetPriority                   0x08000dfc   Section        0  stm32f1xx_hal_cortex.o(i.HAL_NVIC_SetPriority)
    i.HAL_NVIC_SetPriorityGrouping           0x08000e3c   Section        0  stm32f1xx_hal_cortex.o(i.HAL_NVIC_SetPriorityGrouping)
    i.HAL_RCC_ClockConfig                    0x08000e60   Section        0  stm32f1xx_hal_rcc.o(i.HAL_RCC_ClockConfig)
    i.HAL_RCC_GetSysClockFreq                0x08000fcc   Section        0  stm32f1xx_hal_rcc.o(i.HAL_RCC_GetSysClockFreq)
    i.HAL_RCC_OscConfig                      0x08001038   Section        0  stm32f1xx_hal_rcc.o(i.HAL_RCC_OscConfig)
    i.HAL_SPI_ErrorCallback                  0x0800133c   Section        0  stm32f1xx_hal_spi.o(i.HAL_SPI_ErrorCallback)
    i.HAL_SPI_IRQHandler                     0x08001340   Section        0  stm32f1xx_hal_spi.o(i.HAL_SPI_IRQHandler)
    i.HAL_SPI_Init                           0x08001404   Section        0  stm32f1xx_hal_spi_ex.o(i.HAL_SPI_Init)
    i.HAL_SPI_MspInit                        0x08001488   Section        0  stm32f1xx_hal_msp.o(i.HAL_SPI_MspInit)
    i.HAL_SPI_Receive_IT                     0x08001560   Section        0  stm32f1xx_hal_spi.o(i.HAL_SPI_Receive_IT)
    i.HAL_SPI_RxCpltCallback                 0x08001604   Section        0  main.o(i.HAL_SPI_RxCpltCallback)
    i.HAL_SPI_TransmitReceive_IT             0x08001648   Section        0  stm32f1xx_hal_spi.o(i.HAL_SPI_TransmitReceive_IT)
    i.HAL_SPI_TxRxCpltCallback               0x080016ec   Section        0  stm32f1xx_hal_spi.o(i.HAL_SPI_TxRxCpltCallback)
    i.HAL_SYSTICK_Config                     0x080016ee   Section        0  stm32f1xx_hal_cortex.o(i.HAL_SYSTICK_Config)
    i.HAL_TIMEx_MasterConfigSynchronization  0x08001716   Section        0  stm32f1xx_hal_tim_ex.o(i.HAL_TIMEx_MasterConfigSynchronization)
    i.HAL_TIM_Base_Init                      0x08001766   Section        0  stm32f1xx_hal_tim.o(i.HAL_TIM_Base_Init)
    i.HAL_TIM_Base_MspInit                   0x0800179c   Section        0  stm32f1xx_hal_msp.o(i.HAL_TIM_Base_MspInit)
    i.HAL_TIM_ConfigClockSource              0x080017c4   Section        0  stm32f1xx_hal_tim.o(i.HAL_TIM_ConfigClockSource)
    i.HardFault_Handler                      0x080018b6   Section        0  stm32f1xx_it.o(i.HardFault_Handler)
    i.MX_GPIO_Init                           0x080018b8   Section        0  main.o(i.MX_GPIO_Init)
    MX_GPIO_Init                             0x080018b9   Thumb Code   156  main.o(i.MX_GPIO_Init)
    i.MX_SPI1_Init                           0x08001960   Section        0  main.o(i.MX_SPI1_Init)
    MX_SPI1_Init                             0x08001961   Thumb Code    38  main.o(i.MX_SPI1_Init)
    i.MX_SPI2_Init                           0x08001990   Section        0  main.o(i.MX_SPI2_Init)
    MX_SPI2_Init                             0x08001991   Thumb Code    38  main.o(i.MX_SPI2_Init)
    i.MX_TIM1_Init                           0x080019c0   Section        0  main.o(i.MX_TIM1_Init)
    MX_TIM1_Init                             0x080019c1   Thumb Code    78  main.o(i.MX_TIM1_Init)
    i.MemManage_Handler                      0x08001a18   Section        0  stm32f1xx_it.o(i.MemManage_Handler)
    i.NMI_Handler                            0x08001a1a   Section        0  stm32f1xx_it.o(i.NMI_Handler)
    i.NVIC_SetPriority                       0x08001a1c   Section        0  stm32f1xx_hal_cortex.o(i.NVIC_SetPriority)
    NVIC_SetPriority                         0x08001a1d   Thumb Code    32  stm32f1xx_hal_cortex.o(i.NVIC_SetPriority)
    i.PendSV_Handler                         0x08001a3c   Section        0  stm32f1xx_it.o(i.PendSV_Handler)
    i.Received                               0x08001a40   Section        0  main.o(i.Received)
    i.Received1                              0x08001a74   Section        0  main.o(i.Received1)
    i.SPI1_IRQHandler                        0x08001aa8   Section        0  stm32f1xx_it.o(i.SPI1_IRQHandler)
    i.SPI2_IRQHandler                        0x08001ab4   Section        0  stm32f1xx_it.o(i.SPI2_IRQHandler)
    i.SPI_2linesRxISR_16BIT                  0x08001ac0   Section        0  stm32f1xx_hal_spi.o(i.SPI_2linesRxISR_16BIT)
    SPI_2linesRxISR_16BIT                    0x08001ac1   Thumb Code    48  stm32f1xx_hal_spi.o(i.SPI_2linesRxISR_16BIT)
    i.SPI_2linesRxISR_8BIT                   0x08001af0   Section        0  stm32f1xx_hal_spi.o(i.SPI_2linesRxISR_8BIT)
    SPI_2linesRxISR_8BIT                     0x08001af1   Thumb Code    46  stm32f1xx_hal_spi.o(i.SPI_2linesRxISR_8BIT)
    i.SPI_2linesTxISR_16BIT                  0x08001b1e   Section        0  stm32f1xx_hal_spi.o(i.SPI_2linesTxISR_16BIT)
    SPI_2linesTxISR_16BIT                    0x08001b1f   Thumb Code    48  stm32f1xx_hal_spi.o(i.SPI_2linesTxISR_16BIT)
    i.SPI_2linesTxISR_8BIT                   0x08001b4e   Section        0  stm32f1xx_hal_spi.o(i.SPI_2linesTxISR_8BIT)
    SPI_2linesTxISR_8BIT                     0x08001b4f   Thumb Code    46  stm32f1xx_hal_spi.o(i.SPI_2linesTxISR_8BIT)
    i.SPI_CheckFlag_BSY                      0x08001b7c   Section        0  stm32f1xx_hal_spi.o(i.SPI_CheckFlag_BSY)
    SPI_CheckFlag_BSY                        0x08001b7d   Thumb Code    32  stm32f1xx_hal_spi.o(i.SPI_CheckFlag_BSY)
    i.SPI_CloseRxTx_ISR                      0x08001b9c   Section        0  stm32f1xx_hal_spi.o(i.SPI_CloseRxTx_ISR)
    SPI_CloseRxTx_ISR                        0x08001b9d   Thumb Code   138  stm32f1xx_hal_spi.o(i.SPI_CloseRxTx_ISR)
    i.SPI_CloseRx_ISR                        0x08001c2c   Section        0  stm32f1xx_hal_spi.o(i.SPI_CloseRx_ISR)
    SPI_CloseRx_ISR                          0x08001c2d   Thumb Code    78  stm32f1xx_hal_spi.o(i.SPI_CloseRx_ISR)
    i.SPI_DMAAbortOnError                    0x08001c7a   Section        0  stm32f1xx_hal_spi.o(i.SPI_DMAAbortOnError)
    SPI_DMAAbortOnError                      0x08001c7b   Thumb Code    16  stm32f1xx_hal_spi.o(i.SPI_DMAAbortOnError)
    i.SPI_RxISR_16BIT                        0x08001c8a   Section        0  stm32f1xx_hal_spi.o(i.SPI_RxISR_16BIT)
    SPI_RxISR_16BIT                          0x08001c8b   Thumb Code    32  stm32f1xx_hal_spi.o(i.SPI_RxISR_16BIT)
    i.SPI_RxISR_8BIT                         0x08001caa   Section        0  stm32f1xx_hal_spi.o(i.SPI_RxISR_8BIT)
    SPI_RxISR_8BIT                           0x08001cab   Thumb Code    30  stm32f1xx_hal_spi.o(i.SPI_RxISR_8BIT)
    i.SPI_WaitFlagStateUntilTimeout          0x08001cc8   Section        0  stm32f1xx_hal_spi.o(i.SPI_WaitFlagStateUntilTimeout)
    SPI_WaitFlagStateUntilTimeout            0x08001cc9   Thumb Code   150  stm32f1xx_hal_spi.o(i.SPI_WaitFlagStateUntilTimeout)
    i.SVC_Handler                            0x08001d5e   Section        0  stm32f1xx_it.o(i.SVC_Handler)
    i.SysTick_Handler                        0x08001d60   Section        0  stm32f1xx_it.o(i.SysTick_Handler)
    i.SystemClock_Config                     0x08001d64   Section        0  main.o(i.SystemClock_Config)
    i.SystemInit                             0x08001da8   Section        0  system_stm32f1xx.o(i.SystemInit)
    i.TIM_Base_SetConfig                     0x08001df0   Section        0  stm32f1xx_hal_tim.o(i.TIM_Base_SetConfig)
    i.TIM_ETR_SetConfig                      0x08001e5c   Section        0  stm32f1xx_hal_tim.o(i.TIM_ETR_SetConfig)
    TIM_ETR_SetConfig                        0x08001e5d   Thumb Code    20  stm32f1xx_hal_tim.o(i.TIM_ETR_SetConfig)
    i.TIM_ITRx_SetConfig                     0x08001e70   Section        0  stm32f1xx_hal_tim.o(i.TIM_ITRx_SetConfig)
    TIM_ITRx_SetConfig                       0x08001e71   Thumb Code    16  stm32f1xx_hal_tim.o(i.TIM_ITRx_SetConfig)
    i.TIM_TI1_ConfigInputStage               0x08001e80   Section        0  stm32f1xx_hal_tim.o(i.TIM_TI1_ConfigInputStage)
    TIM_TI1_ConfigInputStage                 0x08001e81   Thumb Code    34  stm32f1xx_hal_tim.o(i.TIM_TI1_ConfigInputStage)
    i.TIM_TI2_ConfigInputStage               0x08001ea2   Section        0  stm32f1xx_hal_tim.o(i.TIM_TI2_ConfigInputStage)
    TIM_TI2_ConfigInputStage                 0x08001ea3   Thumb Code    36  stm32f1xx_hal_tim.o(i.TIM_TI2_ConfigInputStage)
    i.UsageFault_Handler                     0x08001ec6   Section        0  stm32f1xx_it.o(i.UsageFault_Handler)
    i.XulyJson                               0x08001ec8   Section        0  main.o(i.XulyJson)
    i.XulyJson1                              0x08001f98   Section        0  main.o(i.XulyJson1)
    i.__free$realloc                         0x08002060   Section        0  mallocr.o(i.__free$realloc)
    i.__malloc$realloc                       0x080020bc   Section        0  mallocr.o(i.__malloc$realloc)
    i.__scatterload_copy                     0x0800210c   Section       14  handlers.o(i.__scatterload_copy)
    i.__scatterload_null                     0x0800211a   Section        2  handlers.o(i.__scatterload_null)
    i.__scatterload_zeroinit                 0x0800211c   Section       14  handlers.o(i.__scatterload_zeroinit)
    i._is_digit                              0x0800212a   Section        0  scanf_fp.o(i._is_digit)
    i.buffer_skip_whitespace                 0x08002138   Section        0  cjson.o(i.buffer_skip_whitespace)
    buffer_skip_whitespace                   0x08002139   Thumb Code    48  cjson.o(i.buffer_skip_whitespace)
    i.cJSON_Delete                           0x08002168   Section        0  cjson.o(i.cJSON_Delete)
    i.cJSON_GetObjectItem                    0x080021b0   Section        0  cjson.o(i.cJSON_GetObjectItem)
    i.cJSON_New_Item                         0x080021b6   Section        0  cjson.o(i.cJSON_New_Item)
    cJSON_New_Item                           0x080021b7   Thumb Code    22  cjson.o(i.cJSON_New_Item)
    i.cJSON_Parse                            0x080021cc   Section        0  cjson.o(i.cJSON_Parse)
    i.cJSON_ParseWithLengthOpts              0x080021d4   Section        0  cjson.o(i.cJSON_ParseWithLengthOpts)
    i.cJSON_ParseWithOpts                    0x080022b0   Section        0  cjson.o(i.cJSON_ParseWithOpts)
    i.get_object_item                        0x080022d2   Section        0  cjson.o(i.get_object_item)
    get_object_item                          0x080022d3   Thumb Code   122  cjson.o(i.get_object_item)
    i.internal_alloc                         0x0800234c   Section        0  mallocr.o(i.internal_alloc)
    internal_alloc                           0x0800234d   Thumb Code    76  mallocr.o(i.internal_alloc)
    i.main                                   0x0800239c   Section        0  main.o(i.main)
    i.parse_array                            0x08002434   Section        0  cjson.o(i.parse_array)
    parse_array                              0x08002435   Thumb Code   208  cjson.o(i.parse_array)
    i.parse_hex4                             0x08002504   Section        0  cjson.o(i.parse_hex4)
    parse_hex4                               0x08002505   Thumb Code    64  cjson.o(i.parse_hex4)
    i.parse_number                           0x08002544   Section        0  cjson.o(i.parse_number)
    parse_number                             0x08002545   Thumb Code   228  cjson.o(i.parse_number)
    i.parse_object                           0x08002634   Section        0  cjson.o(i.parse_object)
    parse_object                             0x08002635   Thumb Code   266  cjson.o(i.parse_object)
    i.parse_string                           0x0800273e   Section        0  cjson.o(i.parse_string)
    parse_string                             0x0800273f   Thumb Code   268  cjson.o(i.parse_string)
    i.parse_value                            0x0800284c   Section        0  cjson.o(i.parse_value)
    parse_value                              0x0800284d   Thumb Code   226  cjson.o(i.parse_value)
    i.realloc                                0x08002948   Section        0  mallocr.o(i.realloc)
    i.strtod                                 0x080029b4   Section        0  strtod.o(i.strtod)
    i.utf16_literal_to_utf8                  0x080029d0   Section        0  cjson.o(i.utf16_literal_to_utf8)
    utf16_literal_to_utf8                    0x080029d1   Thumb Code   210  cjson.o(i.utf16_literal_to_utf8)
    .constdata                               0x08002aa2   Section       16  system_stm32f1xx.o(.constdata)
    .constdata                               0x08002ab2   Section       64  ctype_c.o(.constdata)
    .data                                    0x20000000   Section       28  main.o(.data)
    .data                                    0x2000001c   Section       12  stm32f1xx_hal.o(.data)
    .data                                    0x20000028   Section        4  system_stm32f1xx.o(.data)
    .data                                    0x2000002c   Section       20  cjson.o(.data)
    global_error                             0x2000002c   Data           8  cjson.o(.data)
    global_hooks                             0x20000034   Data          12  cjson.o(.data)
    .data                                    0x20000040   Section        4  mvars.o(.data)
    .data                                    0x20000044   Section        4  mvars.o(.data)
    .bss                                     0x20000048   Section      380  main.o(.bss)
    HEAP                                     0x200001c8   Section      512  startup_stm32f103xb.o(HEAP)
    STACK                                    0x200003c8   Section     1024  startup_stm32f103xb.o(STACK)

    Global Symbols

    Symbol Name                              Value     Ov Type        Size  Object(Section)

    BuildAttributes$$THM_ISAv4$P$D$K$B$S$PE$A:L22UL41UL21$X:L11$S22US41US21$IEEE1$IW$USESV6$~STKCKD$USESV7$~SHL$OTIME$ROPI$IEEEJ$EBA8$MICROLIB$REQ8$PRES8$EABIv2 0x00000000   Number         0  anon$$obj.o ABSOLUTE
    __ARM_use_no_argv                        0x00000000   Number         0  main.o ABSOLUTE
    _printf_a                                0x00000000   Number         0  stubs.o ABSOLUTE
    _printf_c                                0x00000000   Number         0  stubs.o ABSOLUTE
    _printf_charcount                        0x00000000   Number         0  stubs.o ABSOLUTE
    _printf_d                                0x00000000   Number         0  stubs.o ABSOLUTE
    _printf_e                                0x00000000   Number         0  stubs.o ABSOLUTE
    _printf_f                                0x00000000   Number         0  stubs.o ABSOLUTE
    _printf_flags                            0x00000000   Number         0  stubs.o ABSOLUTE
    _printf_fp_dec                           0x00000000   Number         0  stubs.o ABSOLUTE
    _printf_fp_hex                           0x00000000   Number         0  stubs.o ABSOLUTE
    _printf_g                                0x00000000   Number         0  stubs.o ABSOLUTE
    _printf_i                                0x00000000   Number         0  stubs.o ABSOLUTE
    _printf_int_dec                          0x00000000   Number         0  stubs.o ABSOLUTE
    _printf_l                                0x00000000   Number         0  stubs.o ABSOLUTE
    _printf_lc                               0x00000000   Number         0  stubs.o ABSOLUTE
    _printf_ll                               0x00000000   Number         0  stubs.o ABSOLUTE
    _printf_lld                              0x00000000   Number         0  stubs.o ABSOLUTE
    _printf_lli                              0x00000000   Number         0  stubs.o ABSOLUTE
    _printf_llo                              0x00000000   Number         0  stubs.o ABSOLUTE
    _printf_llu                              0x00000000   Number         0  stubs.o ABSOLUTE
    _printf_llx                              0x00000000   Number         0  stubs.o ABSOLUTE
    _printf_longlong_dec                     0x00000000   Number         0  stubs.o ABSOLUTE
    _printf_longlong_hex                     0x00000000   Number         0  stubs.o ABSOLUTE
    _printf_longlong_oct                     0x00000000   Number         0  stubs.o ABSOLUTE
    _printf_ls                               0x00000000   Number         0  stubs.o ABSOLUTE
    _printf_mbtowc                           0x00000000   Number         0  stubs.o ABSOLUTE
    _printf_n                                0x00000000   Number         0  stubs.o ABSOLUTE
    _printf_o                                0x00000000   Number         0  stubs.o ABSOLUTE
    _printf_p                                0x00000000   Number         0  stubs.o ABSOLUTE
    _printf_percent                          0x00000000   Number         0  stubs.o ABSOLUTE
    _printf_pre_padding                      0x00000000   Number         0  stubs.o ABSOLUTE
    _printf_return_value                     0x00000000   Number         0  stubs.o ABSOLUTE
    _printf_s                                0x00000000   Number         0  stubs.o ABSOLUTE
    _printf_sizespec                         0x00000000   Number         0  stubs.o ABSOLUTE
    _printf_str                              0x00000000   Number         0  stubs.o ABSOLUTE
    _printf_truncate_signed                  0x00000000   Number         0  stubs.o ABSOLUTE
    _printf_truncate_unsigned                0x00000000   Number         0  stubs.o ABSOLUTE
    _printf_u                                0x00000000   Number         0  stubs.o ABSOLUTE
    _printf_wc                               0x00000000   Number         0  stubs.o ABSOLUTE
    _printf_wctomb                           0x00000000   Number         0  stubs.o ABSOLUTE
    _printf_widthprec                        0x00000000   Number         0  stubs.o ABSOLUTE
    _printf_x                                0x00000000   Number         0  stubs.o ABSOLUTE
    __arm_fini_                               - Undefined Weak Reference
    __cpp_initialize__aeabi_                  - Undefined Weak Reference
    __cxa_finalize                            - Undefined Weak Reference
    __decompress                              - Undefined Weak Reference
    _clock_init                               - Undefined Weak Reference
    _microlib_exit                            - Undefined Weak Reference
    _scanf_int                                - Undefined Weak Reference
    _scanf_longlong                           - Undefined Weak Reference
    _scanf_string                             - Undefined Weak Reference
    __Vectors_Size                           0x000000ec   Number         0  startup_stm32f103xb.o ABSOLUTE
    __Vectors                                0x08000000   Data           4  startup_stm32f103xb.o(RESET)
    __Vectors_End                            0x080000ec   Data           0  startup_stm32f103xb.o(RESET)
    __main                                   0x080000ed   Thumb Code     0  entry.o(.ARM.Collect$$$$00000000)
    _main_stk                                0x080000ed   Thumb Code     0  entry2.o(.ARM.Collect$$$$00000001)
    _main_scatterload                        0x080000f1   Thumb Code     0  entry5.o(.ARM.Collect$$$$00000004)
    __main_after_scatterload                 0x080000f5   Thumb Code     0  entry5.o(.ARM.Collect$$$$00000004)
    _main_clock                              0x080000f5   Thumb Code     0  entry7b.o(.ARM.Collect$$$$00000008)
    _main_cpp_init                           0x080000f5   Thumb Code     0  entry8b.o(.ARM.Collect$$$$0000000A)
    _main_init                               0x080000f5   Thumb Code     0  entry9a.o(.ARM.Collect$$$$0000000B)
    __rt_lib_shutdown_fini                   0x080000fd   Thumb Code     0  entry12b.o(.ARM.Collect$$$$0000000E)
    __rt_final_cpp                           0x08000101   Thumb Code     0  entry10a.o(.ARM.Collect$$$$0000000F)
    __rt_final_exit                          0x08000101   Thumb Code     0  entry11a.o(.ARM.Collect$$$$00000011)
    Reset_Handler                            0x08000105   Thumb Code     8  startup_stm32f103xb.o(.text)
    ADC1_2_IRQHandler                        0x0800011f   Thumb Code     0  startup_stm32f103xb.o(.text)
    CAN1_RX1_IRQHandler                      0x0800011f   Thumb Code     0  startup_stm32f103xb.o(.text)
    CAN1_SCE_IRQHandler                      0x0800011f   Thumb Code     0  startup_stm32f103xb.o(.text)
    DMA1_Channel1_IRQHandler                 0x0800011f   Thumb Code     0  startup_stm32f103xb.o(.text)
    DMA1_Channel2_IRQHandler                 0x0800011f   Thumb Code     0  startup_stm32f103xb.o(.text)
    DMA1_Channel3_IRQHandler                 0x0800011f   Thumb Code     0  startup_stm32f103xb.o(.text)
    DMA1_Channel4_IRQHandler                 0x0800011f   Thumb Code     0  startup_stm32f103xb.o(.text)
    DMA1_Channel5_IRQHandler                 0x0800011f   Thumb Code     0  startup_stm32f103xb.o(.text)
    DMA1_Channel6_IRQHandler                 0x0800011f   Thumb Code     0  startup_stm32f103xb.o(.text)
    DMA1_Channel7_IRQHandler                 0x0800011f   Thumb Code     0  startup_stm32f103xb.o(.text)
    EXTI0_IRQHandler                         0x0800011f   Thumb Code     0  startup_stm32f103xb.o(.text)
    EXTI15_10_IRQHandler                     0x0800011f   Thumb Code     0  startup_stm32f103xb.o(.text)
    EXTI1_IRQHandler                         0x0800011f   Thumb Code     0  startup_stm32f103xb.o(.text)
    EXTI2_IRQHandler                         0x0800011f   Thumb Code     0  startup_stm32f103xb.o(.text)
    EXTI3_IRQHandler                         0x0800011f   Thumb Code     0  startup_stm32f103xb.o(.text)
    EXTI4_IRQHandler                         0x0800011f   Thumb Code     0  startup_stm32f103xb.o(.text)
    EXTI9_5_IRQHandler                       0x0800011f   Thumb Code     0  startup_stm32f103xb.o(.text)
    FLASH_IRQHandler                         0x0800011f   Thumb Code     0  startup_stm32f103xb.o(.text)
    I2C1_ER_IRQHandler                       0x0800011f   Thumb Code     0  startup_stm32f103xb.o(.text)
    I2C1_EV_IRQHandler                       0x0800011f   Thumb Code     0  startup_stm32f103xb.o(.text)
    I2C2_ER_IRQHandler                       0x0800011f   Thumb Code     0  startup_stm32f103xb.o(.text)
    I2C2_EV_IRQHandler                       0x0800011f   Thumb Code     0  startup_stm32f103xb.o(.text)
    PVD_IRQHandler                           0x0800011f   Thumb Code     0  startup_stm32f103xb.o(.text)
    RCC_IRQHandler                           0x0800011f   Thumb Code     0  startup_stm32f103xb.o(.text)
    RTC_Alarm_IRQHandler                     0x0800011f   Thumb Code     0  startup_stm32f103xb.o(.text)
    RTC_IRQHandler                           0x0800011f   Thumb Code     0  startup_stm32f103xb.o(.text)
    TAMPER_IRQHandler                        0x0800011f   Thumb Code     0  startup_stm32f103xb.o(.text)
    TIM1_BRK_IRQHandler                      0x0800011f   Thumb Code     0  startup_stm32f103xb.o(.text)
    TIM1_CC_IRQHandler                       0x0800011f   Thumb Code     0  startup_stm32f103xb.o(.text)
    TIM1_TRG_COM_IRQHandler                  0x0800011f   Thumb Code     0  startup_stm32f103xb.o(.text)
    TIM1_UP_IRQHandler                       0x0800011f   Thumb Code     0  startup_stm32f103xb.o(.text)
    TIM2_IRQHandler                          0x0800011f   Thumb Code     0  startup_stm32f103xb.o(.text)
    TIM3_IRQHandler                          0x0800011f   Thumb Code     0  startup_stm32f103xb.o(.text)
    TIM4_IRQHandler                          0x0800011f   Thumb Code     0  startup_stm32f103xb.o(.text)
    USART1_IRQHandler                        0x0800011f   Thumb Code     0  startup_stm32f103xb.o(.text)
    USART2_IRQHandler                        0x0800011f   Thumb Code     0  startup_stm32f103xb.o(.text)
    USART3_IRQHandler                        0x0800011f   Thumb Code     0  startup_stm32f103xb.o(.text)
    USBWakeUp_IRQHandler                     0x0800011f   Thumb Code     0  startup_stm32f103xb.o(.text)
    USB_HP_CAN1_TX_IRQHandler                0x0800011f   Thumb Code     0  startup_stm32f103xb.o(.text)
    USB_LP_CAN1_RX0_IRQHandler               0x0800011f   Thumb Code     0  startup_stm32f103xb.o(.text)
    WWDG_IRQHandler                          0x0800011f   Thumb Code     0  startup_stm32f103xb.o(.text)
    __aeabi_llsr                             0x08000129   Thumb Code    32  llushr.o(.text)
    _ll_ushift_r                             0x08000129   Thumb Code     0  llushr.o(.text)
    tolower                                  0x08000149   Thumb Code    12  tolower.o(.text)
    __aeabi_memcpy                           0x08000155   Thumb Code    36  memcpya.o(.text)
    __aeabi_memcpy4                          0x08000155   Thumb Code     0  memcpya.o(.text)
    __aeabi_memcpy8                          0x08000155   Thumb Code     0  memcpya.o(.text)
    __aeabi_memset                           0x08000179   Thumb Code    14  memseta.o(.text)
    __aeabi_memset4                          0x08000179   Thumb Code     0  memseta.o(.text)
    __aeabi_memset8                          0x08000179   Thumb Code     0  memseta.o(.text)
    __aeabi_memclr                           0x08000187   Thumb Code     4  memseta.o(.text)
    __aeabi_memclr4                          0x08000187   Thumb Code     0  memseta.o(.text)
    __aeabi_memclr8                          0x08000187   Thumb Code     0  memseta.o(.text)
    _memset$wrapper                          0x0800018b   Thumb Code    18  memseta.o(.text)
    strstr                                   0x0800019d   Thumb Code    36  strstr.o(.text)
    strlen                                   0x080001c1   Thumb Code    14  strlen.o(.text)
    strcmp                                   0x080001cf   Thumb Code    28  strcmp.o(.text)
    strncmp                                  0x080001eb   Thumb Code    30  strncmp.o(.text)
    _scanf_real                              0x08000331   Thumb Code     0  scanf_fp.o(.text)
    _scanf_really_real                       0x08000331   Thumb Code   556  scanf_fp.o(.text)
    __aeabi_d2iz                             0x08000569   Thumb Code    62  dfixi.o(.text)
    __aeabi_cdcmpeq                          0x080005a9   Thumb Code     0  cdcmple.o(.text)
    __aeabi_cdcmple                          0x080005a9   Thumb Code    48  cdcmple.o(.text)
    __aeabi_cdrcmple                         0x080005d9   Thumb Code    48  cdrcmple.o(.text)
    __aeabi_llsl                             0x08000609   Thumb Code    30  llshl.o(.text)
    _ll_shift_l                              0x08000609   Thumb Code     0  llshl.o(.text)
    _sgetc                                   0x08000627   Thumb Code    30  _sgetc.o(.text)
    _sbackspace                              0x08000645   Thumb Code    34  _sgetc.o(.text)
    __strtod_int                             0x0800069f   Thumb Code    90  strtod.o(.text)
    __I$use$fp                               0x08000705   Thumb Code     0  iusefp.o(.text)
    _float_round                             0x08000705   Thumb Code    18  fepilogue.o(.text)
    _float_epilogue                          0x08000717   Thumb Code    92  fepilogue.o(.text)
    _double_round                            0x08000773   Thumb Code    30  depilogue.o(.text)
    _double_epilogue                         0x08000791   Thumb Code   156  depilogue.o(.text)
    __aeabi_dmul                             0x0800082d   Thumb Code   228  dmul.o(.text)
    __aeabi_ddiv                             0x08000911   Thumb Code   222  ddiv.o(.text)
    __aeabi_ul2d                             0x080009ef   Thumb Code    24  dfltul.o(.text)
    __aeabi_d2f                              0x08000a07   Thumb Code    56  d2f.o(.text)
    __scatterload                            0x08000a41   Thumb Code    28  init.o(.text)
    __scatterload_rt2                        0x08000a41   Thumb Code     0  init.o(.text)
    isspace                                  0x08000a65   Thumb Code    10  isspace_c.o(.text)
    __ctype_lookup                           0x08000a71   Thumb Code    34  ctype_c.o(.text)
    BusFault_Handler                         0x08000a99   Thumb Code     2  stm32f1xx_it.o(i.BusFault_Handler)
    DebugMon_Handler                         0x08000a9b   Thumb Code     2  stm32f1xx_it.o(i.DebugMon_Handler)
    HAL_DMA_Abort_IT                         0x08000a9d   Thumb Code   148  stm32f1xx_hal_dma.o(i.HAL_DMA_Abort_IT)
    HAL_Delay                                0x08000b35   Thumb Code    32  stm32f1xx_hal.o(i.HAL_Delay)
    HAL_GPIO_Init                            0x08000b59   Thumb Code   408  stm32f1xx_hal_gpio.o(i.HAL_GPIO_Init)
    HAL_GPIO_TogglePin                       0x08000d15   Thumb Code     8  stm32f1xx_hal_gpio.o(i.HAL_GPIO_TogglePin)
    HAL_GPIO_WritePin                        0x08000d1d   Thumb Code    10  stm32f1xx_hal_gpio.o(i.HAL_GPIO_WritePin)
    HAL_GetTick                              0x08000d29   Thumb Code     6  stm32f1xx_hal.o(i.HAL_GetTick)
    HAL_IncTick                              0x08000d35   Thumb Code    12  stm32f1xx_hal.o(i.HAL_IncTick)
    HAL_Init                                 0x08000d45   Thumb Code    32  stm32f1xx_hal.o(i.HAL_Init)
    HAL_InitTick                             0x08000d69   Thumb Code    54  stm32f1xx_hal.o(i.HAL_InitTick)
    HAL_MspInit                              0x08000da9   Thumb Code    52  stm32f1xx_hal_msp.o(i.HAL_MspInit)
    HAL_NVIC_EnableIRQ                       0x08000de5   Thumb Code    22  stm32f1xx_hal_cortex.o(i.HAL_NVIC_EnableIRQ)
    HAL_NVIC_SetPriority                     0x08000dfd   Thumb Code    60  stm32f1xx_hal_cortex.o(i.HAL_NVIC_SetPriority)
    HAL_NVIC_SetPriorityGrouping             0x08000e3d   Thumb Code    26  stm32f1xx_hal_cortex.o(i.HAL_NVIC_SetPriorityGrouping)
    HAL_RCC_ClockConfig                      0x08000e61   Thumb Code   346  stm32f1xx_hal_rcc.o(i.HAL_RCC_ClockConfig)
    HAL_RCC_GetSysClockFreq                  0x08000fcd   Thumb Code    74  stm32f1xx_hal_rcc.o(i.HAL_RCC_GetSysClockFreq)
    HAL_RCC_OscConfig                        0x08001039   Thumb Code   750  stm32f1xx_hal_rcc.o(i.HAL_RCC_OscConfig)
    HAL_SPI_ErrorCallback                    0x0800133d   Thumb Code     2  stm32f1xx_hal_spi.o(i.HAL_SPI_ErrorCallback)
    HAL_SPI_IRQHandler                       0x08001341   Thumb Code   190  stm32f1xx_hal_spi.o(i.HAL_SPI_IRQHandler)
    HAL_SPI_Init                             0x08001405   Thumb Code   130  stm32f1xx_hal_spi_ex.o(i.HAL_SPI_Init)
    HAL_SPI_MspInit                          0x08001489   Thumb Code   196  stm32f1xx_hal_msp.o(i.HAL_SPI_MspInit)
    HAL_SPI_Receive_IT                       0x08001561   Thumb Code   156  stm32f1xx_hal_spi.o(i.HAL_SPI_Receive_IT)
    HAL_SPI_RxCpltCallback                   0x08001605   Thumb Code    52  main.o(i.HAL_SPI_RxCpltCallback)
    HAL_SPI_TransmitReceive_IT               0x08001649   Thumb Code   148  stm32f1xx_hal_spi.o(i.HAL_SPI_TransmitReceive_IT)
    HAL_SPI_TxRxCpltCallback                 0x080016ed   Thumb Code     2  stm32f1xx_hal_spi.o(i.HAL_SPI_TxRxCpltCallback)
    HAL_SYSTICK_Config                       0x080016ef   Thumb Code    40  stm32f1xx_hal_cortex.o(i.HAL_SYSTICK_Config)
    HAL_TIMEx_MasterConfigSynchronization    0x08001717   Thumb Code    80  stm32f1xx_hal_tim_ex.o(i.HAL_TIMEx_MasterConfigSynchronization)
    HAL_TIM_Base_Init                        0x08001767   Thumb Code    54  stm32f1xx_hal_tim.o(i.HAL_TIM_Base_Init)
    HAL_TIM_Base_MspInit                     0x0800179d   Thumb Code    30  stm32f1xx_hal_msp.o(i.HAL_TIM_Base_MspInit)
    HAL_TIM_ConfigClockSource                0x080017c5   Thumb Code   242  stm32f1xx_hal_tim.o(i.HAL_TIM_ConfigClockSource)
    HardFault_Handler                        0x080018b7   Thumb Code     2  stm32f1xx_it.o(i.HardFault_Handler)
    MemManage_Handler                        0x08001a19   Thumb Code     2  stm32f1xx_it.o(i.MemManage_Handler)
    NMI_Handler                              0x08001a1b   Thumb Code     2  stm32f1xx_it.o(i.NMI_Handler)
    PendSV_Handler                           0x08001a3d   Thumb Code     2  stm32f1xx_it.o(i.PendSV_Handler)
    Received                                 0x08001a41   Thumb Code    44  main.o(i.Received)
    Received1                                0x08001a75   Thumb Code    44  main.o(i.Received1)
    SPI1_IRQHandler                          0x08001aa9   Thumb Code     6  stm32f1xx_it.o(i.SPI1_IRQHandler)
    SPI2_IRQHandler                          0x08001ab5   Thumb Code     6  stm32f1xx_it.o(i.SPI2_IRQHandler)
    SVC_Handler                              0x08001d5f   Thumb Code     2  stm32f1xx_it.o(i.SVC_Handler)
    SysTick_Handler                          0x08001d61   Thumb Code     4  stm32f1xx_it.o(i.SysTick_Handler)
    SystemClock_Config                       0x08001d65   Thumb Code    66  main.o(i.SystemClock_Config)
    SystemInit                               0x08001da9   Thumb Code    56  system_stm32f1xx.o(i.SystemInit)
    TIM_Base_SetConfig                       0x08001df1   Thumb Code    94  stm32f1xx_hal_tim.o(i.TIM_Base_SetConfig)
    UsageFault_Handler                       0x08001ec7   Thumb Code     2  stm32f1xx_it.o(i.UsageFault_Handler)
    XulyJson                                 0x08001ec9   Thumb Code   182  main.o(i.XulyJson)
    XulyJson1                                0x08001f99   Thumb Code   174  main.o(i.XulyJson1)
    free                                     0x08002061   Thumb Code    88  mallocr.o(i.__free$realloc)
    malloc                                   0x080020bd   Thumb Code    64  mallocr.o(i.__malloc$realloc)
    __scatterload_copy                       0x0800210d   Thumb Code    14  handlers.o(i.__scatterload_copy)
    __scatterload_null                       0x0800211b   Thumb Code     2  handlers.o(i.__scatterload_null)
    __scatterload_zeroinit                   0x0800211d   Thumb Code    14  handlers.o(i.__scatterload_zeroinit)
    _is_digit                                0x0800212b   Thumb Code    14  scanf_fp.o(i._is_digit)
    cJSON_Delete                             0x08002169   Thumb Code    66  cjson.o(i.cJSON_Delete)
    cJSON_GetObjectItem                      0x080021b1   Thumb Code     6  cjson.o(i.cJSON_GetObjectItem)
    cJSON_Parse                              0x080021cd   Thumb Code     8  cjson.o(i.cJSON_Parse)
    cJSON_ParseWithLengthOpts                0x080021d5   Thumb Code   210  cjson.o(i.cJSON_ParseWithLengthOpts)
    cJSON_ParseWithOpts                      0x080022b1   Thumb Code    34  cjson.o(i.cJSON_ParseWithOpts)
    main                                     0x0800239d   Thumb Code   134  main.o(i.main)
    realloc                                  0x08002949   Thumb Code   102  mallocr.o(i.realloc)
    strtod                                   0x080029b5   Thumb Code    28  strtod.o(i.strtod)
    AHBPrescTable                            0x08002aa2   Data          16  system_stm32f1xx.o(.constdata)
    __ctype_categories                       0x08002ab2   Data          64  ctype_c.o(.constdata)
    Region$$Table$$Base                      0x08002af4   Number         0  anon$$obj.o(Region$$Table)
    Region$$Table$$Limit                     0x08002b14   Number         0  anon$$obj.o(Region$$Table)
    ND                                       0x20000000   Data           1  main.o(.data)
    DA                                       0x20000001   Data           1  main.o(.data)
    TB1                                      0x20000002   Data           1  main.o(.data)
    TB2                                      0x20000003   Data           1  main.o(.data)
    TB3                                      0x20000004   Data           1  main.o(.data)
    TB4                                      0x20000005   Data           1  main.o(.data)
    rx_data                                  0x20000006   Data           1  main.o(.data)
    rx_data1                                 0x20000007   Data           1  main.o(.data)
    rx_index1                                0x20000008   Data           4  main.o(.data)
    rx_index                                 0x2000000c   Data           4  main.o(.data)
    str_json                                 0x20000010   Data           4  main.o(.data)
    DHT11_Data                               0x20000014   Data           8  main.o(.data)
    uwTickFreq                               0x2000001c   Data           1  stm32f1xx_hal.o(.data)
    uwTickPrio                               0x20000020   Data           4  stm32f1xx_hal.o(.data)
    uwTick                                   0x20000024   Data           4  stm32f1xx_hal.o(.data)
    SystemCoreClock                          0x20000028   Data           4  system_stm32f1xx.o(.data)
    __microlib_freelist                      0x20000040   Data           4  mvars.o(.data)
    __microlib_freelist_initialised          0x20000044   Data           4  mvars.o(.data)
    hspi1                                    0x20000048   Data          88  main.o(.bss)
    hspi2                                    0x200000a0   Data          88  main.o(.bss)
    htim1                                    0x200000f8   Data          64  main.o(.bss)
    rx_buffer                                0x20000138   Data          70  main.o(.bss)
    rx_buffer1                               0x2000017e   Data          70  main.o(.bss)
    __heap_base                              0x200001c8   Data           0  startup_stm32f103xb.o(HEAP)
    __heap_limit                             0x200003c8   Data           0  startup_stm32f103xb.o(HEAP)
    __initial_sp                             0x200007c8   Data           0  startup_stm32f103xb.o(STACK)



==============================================================================

Memory Map of the image

  Image Entry point : 0x080000ed

  Load Region LR_IROM1 (Base: 0x08000000, Size: 0x00002b5c, Max: 0x00010000, ABSOLUTE)

    Execution Region ER_IROM1 (Exec base: 0x08000000, Load base: 0x08000000, Size: 0x00002b14, Max: 0x00010000, ABSOLUTE)

    Exec Addr    Load Addr    Size         Type   Attr      Idx    E Section Name        Object

    0x08000000   0x08000000   0x000000ec   Data   RO            3    RESET               startup_stm32f103xb.o
    0x080000ec   0x080000ec   0x00000000   Code   RO         3224  * .ARM.Collect$$$$00000000  mc_w.l(entry.o)
    0x080000ec   0x080000ec   0x00000004   Code   RO         3562    .ARM.Collect$$$$00000001  mc_w.l(entry2.o)
    0x080000f0   0x080000f0   0x00000004   Code   RO         3565    .ARM.Collect$$$$00000004  mc_w.l(entry5.o)
    0x080000f4   0x080000f4   0x00000000   Code   RO         3567    .ARM.Collect$$$$00000008  mc_w.l(entry7b.o)
    0x080000f4   0x080000f4   0x00000000   Code   RO         3569    .ARM.Collect$$$$0000000A  mc_w.l(entry8b.o)
    0x080000f4   0x080000f4   0x00000008   Code   RO         3570    .ARM.Collect$$$$0000000B  mc_w.l(entry9a.o)
    0x080000fc   0x080000fc   0x00000004   Code   RO         3577    .ARM.Collect$$$$0000000E  mc_w.l(entry12b.o)
    0x08000100   0x08000100   0x00000000   Code   RO         3572    .ARM.Collect$$$$0000000F  mc_w.l(entry10a.o)
    0x08000100   0x08000100   0x00000000   Code   RO         3574    .ARM.Collect$$$$00000011  mc_w.l(entry11a.o)
    0x08000100   0x08000100   0x00000004   Code   RO         3563    .ARM.Collect$$$$00002712  mc_w.l(entry2.o)
    0x08000104   0x08000104   0x00000024   Code   RO            4    .text               startup_stm32f103xb.o
    0x08000128   0x08000128   0x00000020   Code   RO         3227    .text               mc_w.l(llushr.o)
    0x08000148   0x08000148   0x0000000c   Code   RO         3229    .text               mc_w.l(tolower.o)
    0x08000154   0x08000154   0x00000024   Code   RO         3231    .text               mc_w.l(memcpya.o)
    0x08000178   0x08000178   0x00000024   Code   RO         3233    .text               mc_w.l(memseta.o)
    0x0800019c   0x0800019c   0x00000024   Code   RO         3237    .text               mc_w.l(strstr.o)
    0x080001c0   0x080001c0   0x0000000e   Code   RO         3239    .text               mc_w.l(strlen.o)
    0x080001ce   0x080001ce   0x0000001c   Code   RO         3241    .text               mc_w.l(strcmp.o)
    0x080001ea   0x080001ea   0x0000001e   Code   RO         3245    .text               mc_w.l(strncmp.o)
    0x08000208   0x08000208   0x00000360   Code   RO         3540    .text               mc_w.l(scanf_fp.o)
    0x08000568   0x08000568   0x0000003e   Code   RO         3554    .text               mf_w.l(dfixi.o)
    0x080005a6   0x080005a6   0x00000002   PAD
    0x080005a8   0x080005a8   0x00000030   Code   RO         3558    .text               mf_w.l(cdcmple.o)
    0x080005d8   0x080005d8   0x00000030   Code   RO         3560    .text               mf_w.l(cdrcmple.o)
    0x08000608   0x08000608   0x0000001e   Code   RO         3585    .text               mc_w.l(llshl.o)
    0x08000626   0x08000626   0x00000040   Code   RO         3593    .text               mc_w.l(_sgetc.o)
    0x08000666   0x08000666   0x00000002   PAD
    0x08000668   0x08000668   0x0000009c   Code   RO         3595    .text               mc_w.l(strtod.o)
    0x08000704   0x08000704   0x00000000   Code   RO         3597    .text               mc_w.l(iusefp.o)
    0x08000704   0x08000704   0x0000006e   Code   RO         3598    .text               mf_w.l(fepilogue.o)
    0x08000772   0x08000772   0x000000ba   Code   RO         3600    .text               mf_w.l(depilogue.o)
    0x0800082c   0x0800082c   0x000000e4   Code   RO         3602    .text               mf_w.l(dmul.o)
    0x08000910   0x08000910   0x000000de   Code   RO         3604    .text               mf_w.l(ddiv.o)
    0x080009ee   0x080009ee   0x00000018   Code   RO         3606    .text               mf_w.l(dfltul.o)
    0x08000a06   0x08000a06   0x00000038   Code   RO         3610    .text               mf_w.l(d2f.o)
    0x08000a3e   0x08000a3e   0x00000002   PAD
    0x08000a40   0x08000a40   0x00000024   Code   RO         3612    .text               mc_w.l(init.o)
    0x08000a64   0x08000a64   0x0000000a   Code   RO         3615    .text               mc_w.l(isspace_c.o)
    0x08000a6e   0x08000a6e   0x00000002   PAD
    0x08000a70   0x08000a70   0x00000028   Code   RO         3620    .text               mc_w.l(ctype_c.o)
    0x08000a98   0x08000a98   0x00000002   Code   RO          223    i.BusFault_Handler  stm32f1xx_it.o
    0x08000a9a   0x08000a9a   0x00000002   Code   RO          224    i.DebugMon_Handler  stm32f1xx_it.o
    0x08000a9c   0x08000a9c   0x00000098   Code   RO         1974    i.HAL_DMA_Abort_IT  stm32f1xx_hal_dma.o
    0x08000b34   0x08000b34   0x00000024   Code   RO         1613    i.HAL_Delay         stm32f1xx_hal.o
    0x08000b58   0x08000b58   0x000001bc   Code   RO         1909    i.HAL_GPIO_Init     stm32f1xx_hal_gpio.o
    0x08000d14   0x08000d14   0x00000008   Code   RO         1912    i.HAL_GPIO_TogglePin  stm32f1xx_hal_gpio.o
    0x08000d1c   0x08000d1c   0x0000000a   Code   RO         1913    i.HAL_GPIO_WritePin  stm32f1xx_hal_gpio.o
    0x08000d26   0x08000d26   0x00000002   PAD
    0x08000d28   0x08000d28   0x0000000c   Code   RO         1617    i.HAL_GetTick       stm32f1xx_hal.o
    0x08000d34   0x08000d34   0x00000010   Code   RO         1621    i.HAL_IncTick       stm32f1xx_hal.o
    0x08000d44   0x08000d44   0x00000024   Code   RO         1622    i.HAL_Init          stm32f1xx_hal.o
    0x08000d68   0x08000d68   0x00000040   Code   RO         1623    i.HAL_InitTick      stm32f1xx_hal.o
    0x08000da8   0x08000da8   0x0000003c   Code   RO          311    i.HAL_MspInit       stm32f1xx_hal_msp.o
    0x08000de4   0x08000de4   0x00000016   Code   RO         2069    i.HAL_NVIC_EnableIRQ  stm32f1xx_hal_cortex.o
    0x08000dfa   0x08000dfa   0x00000002   PAD
    0x08000dfc   0x08000dfc   0x00000040   Code   RO         2075    i.HAL_NVIC_SetPriority  stm32f1xx_hal_cortex.o
    0x08000e3c   0x08000e3c   0x00000024   Code   RO         2076    i.HAL_NVIC_SetPriorityGrouping  stm32f1xx_hal_cortex.o
    0x08000e60   0x08000e60   0x0000016c   Code   RO         1769    i.HAL_RCC_ClockConfig  stm32f1xx_hal_rcc.o
    0x08000fcc   0x08000fcc   0x0000006c   Code   RO         1778    i.HAL_RCC_GetSysClockFreq  stm32f1xx_hal_rcc.o
    0x08001038   0x08001038   0x00000304   Code   RO         1781    i.HAL_RCC_OscConfig  stm32f1xx_hal_rcc.o
    0x0800133c   0x0800133c   0x00000002   Code   RO          402    i.HAL_SPI_ErrorCallback  stm32f1xx_hal_spi.o
    0x0800133e   0x0800133e   0x00000002   PAD
    0x08001340   0x08001340   0x000000c4   Code   RO          405    i.HAL_SPI_IRQHandler  stm32f1xx_hal_spi.o
    0x08001404   0x08001404   0x00000082   Code   RO          718    i.HAL_SPI_Init      stm32f1xx_hal_spi_ex.o
    0x08001486   0x08001486   0x00000002   PAD
    0x08001488   0x08001488   0x000000d8   Code   RO          313    i.HAL_SPI_MspInit   stm32f1xx_hal_msp.o
    0x08001560   0x08001560   0x000000a4   Code   RO          411    i.HAL_SPI_Receive_IT  stm32f1xx_hal_spi.o
    0x08001604   0x08001604   0x00000044   Code   RO           14    i.HAL_SPI_RxCpltCallback  main.o
    0x08001648   0x08001648   0x000000a4   Code   RO          417    i.HAL_SPI_TransmitReceive_IT  stm32f1xx_hal_spi.o
    0x080016ec   0x080016ec   0x00000002   Code   RO          422    i.HAL_SPI_TxRxCpltCallback  stm32f1xx_hal_spi.o
    0x080016ee   0x080016ee   0x00000028   Code   RO         2080    i.HAL_SYSTICK_Config  stm32f1xx_hal_cortex.o
    0x08001716   0x08001716   0x00000050   Code   RO         1390    i.HAL_TIMEx_MasterConfigSynchronization  stm32f1xx_hal_tim_ex.o
    0x08001766   0x08001766   0x00000036   Code   RO          744    i.HAL_TIM_Base_Init  stm32f1xx_hal_tim.o
    0x0800179c   0x0800179c   0x00000028   Code   RO          315    i.HAL_TIM_Base_MspInit  stm32f1xx_hal_msp.o
    0x080017c4   0x080017c4   0x000000f2   Code   RO          753    i.HAL_TIM_ConfigClockSource  stm32f1xx_hal_tim.o
    0x080018b6   0x080018b6   0x00000002   Code   RO          225    i.HardFault_Handler  stm32f1xx_it.o
    0x080018b8   0x080018b8   0x000000a8   Code   RO           16    i.MX_GPIO_Init      main.o
    0x08001960   0x08001960   0x00000030   Code   RO           17    i.MX_SPI1_Init      main.o
    0x08001990   0x08001990   0x00000030   Code   RO           18    i.MX_SPI2_Init      main.o
    0x080019c0   0x080019c0   0x00000058   Code   RO           19    i.MX_TIM1_Init      main.o
    0x08001a18   0x08001a18   0x00000002   Code   RO          226    i.MemManage_Handler  stm32f1xx_it.o
    0x08001a1a   0x08001a1a   0x00000002   Code   RO          227    i.NMI_Handler       stm32f1xx_it.o
    0x08001a1c   0x08001a1c   0x00000020   Code   RO         2082    i.NVIC_SetPriority  stm32f1xx_hal_cortex.o
    0x08001a3c   0x08001a3c   0x00000002   Code   RO          228    i.PendSV_Handler    stm32f1xx_it.o
    0x08001a3e   0x08001a3e   0x00000002   PAD
    0x08001a40   0x08001a40   0x00000034   Code   RO           21    i.Received          main.o
    0x08001a74   0x08001a74   0x00000034   Code   RO           22    i.Received1         main.o
    0x08001aa8   0x08001aa8   0x0000000c   Code   RO          229    i.SPI1_IRQHandler   stm32f1xx_it.o
    0x08001ab4   0x08001ab4   0x0000000c   Code   RO          230    i.SPI2_IRQHandler   stm32f1xx_it.o
    0x08001ac0   0x08001ac0   0x00000030   Code   RO          424    i.SPI_2linesRxISR_16BIT  stm32f1xx_hal_spi.o
    0x08001af0   0x08001af0   0x0000002e   Code   RO          425    i.SPI_2linesRxISR_8BIT  stm32f1xx_hal_spi.o
    0x08001b1e   0x08001b1e   0x00000030   Code   RO          426    i.SPI_2linesTxISR_16BIT  stm32f1xx_hal_spi.o
    0x08001b4e   0x08001b4e   0x0000002e   Code   RO          427    i.SPI_2linesTxISR_8BIT  stm32f1xx_hal_spi.o
    0x08001b7c   0x08001b7c   0x00000020   Code   RO          430    i.SPI_CheckFlag_BSY  stm32f1xx_hal_spi.o
    0x08001b9c   0x08001b9c   0x00000090   Code   RO          431    i.SPI_CloseRxTx_ISR  stm32f1xx_hal_spi.o
    0x08001c2c   0x08001c2c   0x0000004e   Code   RO          432    i.SPI_CloseRx_ISR   stm32f1xx_hal_spi.o
    0x08001c7a   0x08001c7a   0x00000010   Code   RO          434    i.SPI_DMAAbortOnError  stm32f1xx_hal_spi.o
    0x08001c8a   0x08001c8a   0x00000020   Code   RO          445    i.SPI_RxISR_16BIT   stm32f1xx_hal_spi.o
    0x08001caa   0x08001caa   0x0000001e   Code   RO          446    i.SPI_RxISR_8BIT    stm32f1xx_hal_spi.o
    0x08001cc8   0x08001cc8   0x00000096   Code   RO          449    i.SPI_WaitFlagStateUntilTimeout  stm32f1xx_hal_spi.o
    0x08001d5e   0x08001d5e   0x00000002   Code   RO          231    i.SVC_Handler       stm32f1xx_it.o
    0x08001d60   0x08001d60   0x00000004   Code   RO          232    i.SysTick_Handler   stm32f1xx_it.o
    0x08001d64   0x08001d64   0x00000042   Code   RO           23    i.SystemClock_Config  main.o
    0x08001da6   0x08001da6   0x00000002   PAD
    0x08001da8   0x08001da8   0x00000048   Code   RO         2498    i.SystemInit        system_stm32f1xx.o
    0x08001df0   0x08001df0   0x0000006c   Code   RO          828    i.TIM_Base_SetConfig  stm32f1xx_hal_tim.o
    0x08001e5c   0x08001e5c   0x00000014   Code   RO          835    i.TIM_ETR_SetConfig  stm32f1xx_hal_tim.o
    0x08001e70   0x08001e70   0x00000010   Code   RO          836    i.TIM_ITRx_SetConfig  stm32f1xx_hal_tim.o
    0x08001e80   0x08001e80   0x00000022   Code   RO          842    i.TIM_TI1_ConfigInputStage  stm32f1xx_hal_tim.o
    0x08001ea2   0x08001ea2   0x00000024   Code   RO          844    i.TIM_TI2_ConfigInputStage  stm32f1xx_hal_tim.o
    0x08001ec6   0x08001ec6   0x00000002   Code   RO          233    i.UsageFault_Handler  stm32f1xx_it.o
    0x08001ec8   0x08001ec8   0x000000d0   Code   RO           24    i.XulyJson          main.o
    0x08001f98   0x08001f98   0x000000c8   Code   RO           25    i.XulyJson1         main.o
    0x08002060   0x08002060   0x0000005c   Code   RO         3514    i.__free$realloc    mc_w.l(mallocr.o)
    0x080020bc   0x080020bc   0x00000050   Code   RO         3515    i.__malloc$realloc  mc_w.l(mallocr.o)
    0x0800210c   0x0800210c   0x0000000e   Code   RO         3625    i.__scatterload_copy  mc_w.l(handlers.o)
    0x0800211a   0x0800211a   0x00000002   Code   RO         3626    i.__scatterload_null  mc_w.l(handlers.o)
    0x0800211c   0x0800211c   0x0000000e   Code   RO         3627    i.__scatterload_zeroinit  mc_w.l(handlers.o)
    0x0800212a   0x0800212a   0x0000000e   Code   RO         3542    i._is_digit         mc_w.l(scanf_fp.o)
    0x08002138   0x08002138   0x00000030   Code   RO         2534    i.buffer_skip_whitespace  cjson.o
    0x08002168   0x08002168   0x00000048   Code   RO         2566    i.cJSON_Delete      cjson.o
    0x080021b0   0x080021b0   0x00000006   Code   RO         2579    i.cJSON_GetObjectItem  cjson.o
    0x080021b6   0x080021b6   0x00000016   Code   RO         2596    i.cJSON_New_Item    cjson.o
    0x080021cc   0x080021cc   0x00000008   Code   RO         2597    i.cJSON_Parse       cjson.o
    0x080021d4   0x080021d4   0x000000dc   Code   RO         2599    i.cJSON_ParseWithLengthOpts  cjson.o
    0x080022b0   0x080022b0   0x00000022   Code   RO         2600    i.cJSON_ParseWithOpts  cjson.o
    0x080022d2   0x080022d2   0x0000007a   Code   RO         2619    i.get_object_item   cjson.o
    0x0800234c   0x0800234c   0x00000050   Code   RO         3516    i.internal_alloc    mc_w.l(mallocr.o)
    0x0800239c   0x0800239c   0x00000098   Code   RO           28    i.main              main.o
    0x08002434   0x08002434   0x000000d0   Code   RO         2621    i.parse_array       cjson.o
    0x08002504   0x08002504   0x00000040   Code   RO         2622    i.parse_hex4        cjson.o
    0x08002544   0x08002544   0x000000f0   Code   RO         2623    i.parse_number      cjson.o
    0x08002634   0x08002634   0x0000010a   Code   RO         2624    i.parse_object      cjson.o
    0x0800273e   0x0800273e   0x0000010c   Code   RO         2625    i.parse_string      cjson.o
    0x0800284a   0x0800284a   0x00000002   PAD
    0x0800284c   0x0800284c   0x000000fc   Code   RO         2626    i.parse_value       cjson.o
    0x08002948   0x08002948   0x0000006c   Code   RO         3517    i.realloc           mc_w.l(mallocr.o)
    0x080029b4   0x080029b4   0x0000001c   Code   RO         3221    i.strtod            m_ws.l(strtod.o)
    0x080029d0   0x080029d0   0x000000d2   Code   RO         2635    i.utf16_literal_to_utf8  cjson.o
    0x08002aa2   0x08002aa2   0x00000010   Data   RO         2499    .constdata          system_stm32f1xx.o
    0x08002ab2   0x08002ab2   0x00000040   Data   RO         3621    .constdata          mc_w.l(ctype_c.o)
    0x08002af2   0x08002af2   0x00000002   PAD
    0x08002af4   0x08002af4   0x00000020   Data   RO         3623    Region$$Table       anon$$obj.o


    Execution Region RW_IRAM1 (Exec base: 0x20000000, Load base: 0x08002b14, Size: 0x000007c8, Max: 0x00005000, ABSOLUTE)

    Exec Addr    Load Addr    Size         Type   Attr      Idx    E Section Name        Object

    0x20000000   0x08002b14   0x0000001c   Data   RW           30    .data               main.o
    0x2000001c   0x08002b30   0x0000000c   Data   RW         1629    .data               stm32f1xx_hal.o
    0x20000028   0x08002b3c   0x00000004   Data   RW         2501    .data               system_stm32f1xx.o
    0x2000002c   0x08002b40   0x00000014   Data   RW         2637    .data               cjson.o
    0x20000040   0x08002b54   0x00000004   Data   RW         3589    .data               mc_w.l(mvars.o)
    0x20000044   0x08002b58   0x00000004   Data   RW         3590    .data               mc_w.l(mvars.o)
    0x20000048        -       0x0000017c   Zero   RW           29    .bss                main.o
    0x200001c4   0x08002b5c   0x00000004   PAD
    0x200001c8        -       0x00000200   Zero   RW            2    HEAP                startup_stm32f103xb.o
    0x200003c8        -       0x00000400   Zero   RW            1    STACK               startup_stm32f103xb.o


==============================================================================

Image component sizes


      Code (inc. data)   RO Data    RW Data    ZI Data      Debug   Object Name

      2040         64          0         20          0      18460   cjson.o
      1150        144          0         28        380     438066   main.o
        36          8        236          0       1536        820   startup_stm32f103xb.o
       164         28          0         12          0       6049   stm32f1xx_hal.o
       194         14          0          0          0      25859   stm32f1xx_hal_cortex.o
       152          4          0          0          0       1135   stm32f1xx_hal_dma.o
       462         36          0          0          0       3529   stm32f1xx_hal_gpio.o
       316         38          0          0          0       2303   stm32f1xx_hal_msp.o
      1244         74          0          0          0       4170   stm32f1xx_hal_rcc.o
      1198         36          0          0          0      11502   stm32f1xx_hal_spi.o
       130          0          0          0          0       1103   stm32f1xx_hal_spi_ex.o
       510         14          0          0          0       5993   stm32f1xx_hal_tim.o
        80          0          0          0          0       1308   stm32f1xx_hal_tim_ex.o
        44         12          0          0          0       4826   stm32f1xx_it.o
        72         16         16          4          0       1211   system_stm32f1xx.o

    ----------------------------------------------------------------------
      7806        488        284         64       1920     526334   Object Totals
         0          0         32          0          0          0   (incl. Generated)
        14          0          0          0          4          0   (incl. Padding)

    ----------------------------------------------------------------------

      Code (inc. data)   RO Data    RW Data    ZI Data      Debug   Library Member Name

        28          0          0          0          0         80   strtod.o
        64          0          0          0          0         84   _sgetc.o
        40          6         64          0          0         68   ctype_c.o
         0          0          0          0          0          0   entry.o
         0          0          0          0          0          0   entry10a.o
         0          0          0          0          0          0   entry11a.o
         4          0          0          0          0          0   entry12b.o
         8          4          0          0          0          0   entry2.o
         4          0          0          0          0          0   entry5.o
         0          0          0          0          0          0   entry7b.o
         0          0          0          0          0          0   entry8b.o
         8          4          0          0          0          0   entry9a.o
        30          0          0          0          0          0   handlers.o
        36          8          0          0          0         68   init.o
        10          0          0          0          0         68   isspace_c.o
         0          0          0          0          0          0   iusefp.o
        30          0          0          0          0         68   llshl.o
        32          0          0          0          0         68   llushr.o
       360         30          0          0          0        356   mallocr.o
        36          0          0          0          0         68   memcpya.o
        36          0          0          0          0        108   memseta.o
         0          0          0          8          0          0   mvars.o
       878         12          0          0          0        216   scanf_fp.o
        28          0          0          0          0         76   strcmp.o
        14          0          0          0          0         68   strlen.o
        30          0          0          0          0         80   strncmp.o
        36          0          0          0          0         80   strstr.o
       156         12          0          0          0        120   strtod.o
        12          0          0          0          0         68   tolower.o
        48          0          0          0          0         68   cdcmple.o
        48          0          0          0          0         68   cdrcmple.o
        56          0          0          0          0         88   d2f.o
       222          0          0          0          0        100   ddiv.o
       186          0          0          0          0        176   depilogue.o
        62          0          0          0          0         80   dfixi.o
        24          0          0          0          0         76   dfltul.o
       228          0          0          0          0         96   dmul.o
       110          0          0          0          0        168   fepilogue.o

    ----------------------------------------------------------------------
      2872         76         66          8          0       2664   Library Totals
         8          0          2          0          0          0   (incl. Padding)

    ----------------------------------------------------------------------

      Code (inc. data)   RO Data    RW Data    ZI Data      Debug   Library Name

        28          0          0          0          0         80   m_ws.l
      1852         76         64          8          0       1664   mc_w.l
       984          0          0          0          0        920   mf_w.l

    ----------------------------------------------------------------------
      2872         76         66          8          0       2664   Library Totals

    ----------------------------------------------------------------------

==============================================================================


      Code (inc. data)   RO Data    RW Data    ZI Data      Debug   

     10678        564        350         72       1920     523534   Grand Totals
     10678        564        350         72       1920     523534   ELF Image Totals
     10678        564        350         72          0          0   ROM Totals

==============================================================================

    Total RO  Size (Code + RO Data)                11028 (  10.77kB)
    Total RW  Size (RW Data + ZI Data)              1992 (   1.95kB)
    Total ROM Size (Code + RO Data + RW Data)      11100 (  10.84kB)

==============================================================================

